2026-07-04 16:39:09   Please prefer discrete face ports over discrete edge ports. The Frequency
                      Domain solver may benefit from face ports in terms of accuracy and run time.
                      For convenience, a conversion macro exists in "Macros->Construct->Discrete
                      Ports".

                      ------------------------------------------------------------------------------
2026-07-04 16:39:24   *** Warning ***

                      This software is licensed for non-commercial use only.

                      ------------------------------------------------------------------------------
2026-07-04 16:39:24   *** Warning ***

2026-07-04 16:39:24   `tbbmalloc_proxy` cannot replace memory allocation routines (status:-1):
                      Success: free (ucrtbase.dll), byte pattern: <C7442410000000008B4424>
                      Fail: _msize (ucrtbase.dll), byte pattern: <E9ABFFFFFFCCCCCCCCCCCC>
                      The solver will continue with a reduced performance.

                      ------------------------------------------------------------------------------
2026-07-04 16:39:24   Units settings: 

                        Dimensions: mm
                        Frequency:  GHz
                        Time:       ns

                      ------------------------------------------------------------------------------
2026-07-04 16:39:24   Boundary conditions: 

                        YZsymmetry: none
                        XZsymmetry: none
                        XYsymmetry: none

                        Xmin: expanded open
                        Xmax: expanded open

                        Ymin: expanded open
                        Ymax: expanded open

                        Zmin: expanded open
                        Zmax: expanded open

                      ------------------------------------------------------------------------------
2026-07-04 16:39:24   Order settings: 

                        Solver order   : 2nd (constant)
                        Curved elements: up to order 3 (automatic)

                      ------------------------------------------------------------------------------
2026-07-04 16:39:24   *** Warning ***

2026-07-04 16:39:24   The mesh adaptation has been deactivated. It is strongly recommended to enable the mesh adaptation for the tetrahedral 
                      mesh unless the problem is very large.

                      ------------------------------------------------------------------------------
2026-07-04 16:39:24   An iterative solver will be used first.

                      ------------------------------------------------------------------------------
2026-07-04 16:39:24     Mesh time                :	14 s


                      ------------------------------------------------------------------------------
2026-07-04 16:39:24   
                      ================================================================================
                      Frequency Domain Solver calculation cycle started

                      ------------------------------------------------------------------------------
2026-07-04 16:39:24   Solver started at: 2026-07-04 16:39:24 +0800

                        Module:  Frequency Domain: S-Parameter (Win 64)
                        Version: 2024.5 Release from 2024-06-14 (change 1285309)

                      ------------------------------------------------------------------------------
2026-07-04 16:39:24     Calculation 1 (Frequency: 5 GHz)


                      ------------------------------------------------------------------------------
2026-07-04 16:39:31     Matrix setup time        :	1 s
                        Solver setup             :	1 s
                        Degrees of freedom       :	365612
                        Number of mesh cells     :	56577

                        Stimulation port         :	1
                        Accuracy                 :	7.91699e-05
                        Iterations               :	43
                        Solver time              :	4 s


                      ------------------------------------------------------------------------------
2026-07-04 16:39:32     Total time               :	6 s

                      ------------------------------------------------------------------------------
2026-07-04 16:39:32   

                      ------------------------------------------------------------------------------
2026-07-04 16:39:32     Calculation 2 (Frequency: 1 GHz)


                      ------------------------------------------------------------------------------
2026-07-04 16:39:35     Matrix setup time        :	0 s
                        Degrees of freedom       :	365612
                        Number of mesh cells     :	56577

                        Stimulation port         :	1
                        Accuracy                 :	8.24838e-05
                        Iterations               :	21
                        Solver time              :	2 s


                      ------------------------------------------------------------------------------
2026-07-04 16:39:35     Total time               :	3 s

                      ------------------------------------------------------------------------------
2026-07-04 16:39:35   

                      ------------------------------------------------------------------------------
2026-07-04 16:39:35     Calculation 3 (Frequency: 3 GHz)


                      ------------------------------------------------------------------------------
2026-07-04 16:39:41     Matrix setup time        :	0 s
                        Degrees of freedom       :	365612
                        Number of mesh cells     :	56577

                        Stimulation port         :	1
                        Accuracy                 :	6.39713e-05
                        Iterations               :	46
                        Solver time              :	4 s


                      ------------------------------------------------------------------------------
2026-07-04 16:39:41     Total time               :	5 s

                      ------------------------------------------------------------------------------
2026-07-04 16:39:41   

                      ------------------------------------------------------------------------------
2026-07-04 16:39:41     Calculation 4 (Frequency: 4 GHz)


                      ------------------------------------------------------------------------------
2026-07-04 16:39:47     Matrix setup time        :	0 s
                        Degrees of freedom       :	365612
                        Number of mesh cells     :	56577

                        Stimulation port         :	1
                        Accuracy                 :	7.72892e-05
                        Iterations               :	50
                        Solver time              :	4 s


                      ------------------------------------------------------------------------------
2026-07-04 16:39:47     Total time               :	6 s

                      ------------------------------------------------------------------------------
2026-07-04 16:39:47   

                      ------------------------------------------------------------------------------
2026-07-04 16:39:47     Calculation 5 (Frequency: 2.04 GHz)


                      ------------------------------------------------------------------------------
2026-07-04 16:39:51     Matrix setup time        :	0 s
                        Degrees of freedom       :	365612
                        Number of mesh cells     :	56577

                        Stimulation port         :	1
                        Accuracy                 :	9.66021e-05
                        Iterations               :	23
                        Solver time              :	2 s


                      ------------------------------------------------------------------------------
2026-07-04 16:39:51     Total time               :	3 s

                      ------------------------------------------------------------------------------
2026-07-04 16:39:51   

                      ------------------------------------------------------------------------------
2026-07-04 16:39:51     Calculation 6 (Frequency: 4.092 GHz)


                      ------------------------------------------------------------------------------
2026-07-04 16:39:55     Matrix setup time        :	0 s
                        Degrees of freedom       :	365612
                        Number of mesh cells     :	56577

                        Stimulation port         :	1
                        Accuracy                 :	9.77095e-05
                        Iterations               :	20
                        Solver time              :	2 s


                      ------------------------------------------------------------------------------
2026-07-04 16:39:55     Total time               :	3 s

                      ------------------------------------------------------------------------------
2026-07-04 16:39:55   

                      ------------------------------------------------------------------------------
2026-07-04 16:39:55     Calculation 7 (Frequency: 3.912 GHz)


                      ------------------------------------------------------------------------------
2026-07-04 16:39:58     Matrix setup time        :	0 s
                        Degrees of freedom       :	365612
                        Number of mesh cells     :	56577

                        Stimulation port         :	1
                        Accuracy                 :	7.25298e-05
                        Iterations               :	15
                        Solver time              :	1 s


                      ------------------------------------------------------------------------------
2026-07-04 16:39:58     Total time               :	2 s

                      ------------------------------------------------------------------------------
2026-07-04 16:39:58   

                      ------------------------------------------------------------------------------
2026-07-04 16:39:58     Calculation 8 (Frequency: 2.872 GHz)


                      ------------------------------------------------------------------------------
2026-07-04 16:40:01     Matrix setup time        :	0 s
                        Degrees of freedom       :	365612
                        Number of mesh cells     :	56577

                        Stimulation port         :	1
                        Accuracy                 :	9.82779e-05
                        Iterations               :	20
                        Solver time              :	1 s


                      ------------------------------------------------------------------------------
2026-07-04 16:40:01     Total time               :	3 s

                      ------------------------------------------------------------------------------
2026-07-04 16:40:01   

                      ------------------------------------------------------------------------------
2026-07-04 16:40:01     Calculation 9 (Frequency: 3.084 GHz)


                      ------------------------------------------------------------------------------
2026-07-04 16:40:03     Matrix setup time        :	0 s
                        Degrees of freedom       :	365612
                        Number of mesh cells     :	56577

                        Stimulation port         :	1
                        Accuracy                 :	5.97557e-05
                        Iterations               :	5
                        Solver time              :	0 s


                      ------------------------------------------------------------------------------
2026-07-04 16:40:04     Total time               :	1 s

                      ------------------------------------------------------------------------------
2026-07-04 16:40:04   

                      ------------------------------------------------------------------------------
2026-07-04 16:40:04   Finished the general purpose interpolative broadband frequency sweep:
                      All broadband sweep convergence criteria have been satisfied after
                      calculating 9 frequency samples:

                        Broadband sweep error threshold value :  0.01 (All S-Parameters) 
                        Number of error criterion checks      :  2 (All S-Parameters) 
                        Minimum number of samples             :  3
                        Number of data samples, linear        :  1001

                      ------------------------------------------------------------------------------
2026-07-04 16:40:04     Number of mesh cells     :	56577
                        Degrees of freedom       :	365612
                        Total Solver Time        :	53 s
                      ================================================================================



                      ------------------------------------------------------------------------------
2026-07-04 16:40:04     ----------------------------------------------------------------------------
                                            Peak memory used (kB)         Free physical memory (kB) 
                                                                          At begin     Minimum      
                        ----------------------------------------------------------------------------
                        Solver start        25444                         4083372      4081748      
                        Eq. system setup    846092                        3994816      3587160      
                        Eq. system solve    846092                        3779248      3245144      
                        Solver run total    846092                        4083376      3246936      

                        Computer name       LAPTOP-3AL186QN
                        ----------------------------------------------------------------------------


                      ------------------------------------------------------------------------------
2026-07-04 16:40:04   Running postprocessing.

                      ------------------------------------------------------------------------------
2026-07-04 16:40:05   Postprocessing finished.

                      ------------------------------------------------------------------------------
2026-07-04 16:40:05   Creating parametric 1D results for Run ID 1

                      ------------------------------------------------------------------------------
