2026-07-30 15:43:51   Please prefer discrete face ports over discrete edge ports. The Frequency
                      Domain solver may benefit from face ports in terms of accuracy and run time.
                      For convenience, a conversion macro exists in "Macros->Construct->Discrete
                      Ports".

                      ------------------------------------------------------------------------------
2026-07-30 15:43:53   *** Warning ***

                      This software is licensed for non-commercial use only.

                      ------------------------------------------------------------------------------
2026-07-30 15:43:53   *** Warning ***

2026-07-30 15:43:53   `tbbmalloc_proxy` cannot replace memory allocation routines (status:-1):
                      Success: free (ucrtbase.dll), byte pattern: <C7442410000000008B4424>
                      Fail: _msize (ucrtbase.dll), byte pattern: <E9ABFFFFFFCCCCCCCCCCCC>
                      The solver will continue with a reduced performance.

                      ------------------------------------------------------------------------------
2026-07-30 15:43:53   Units settings: 

                        Dimensions: mm
                        Frequency:  GHz
                        Time:       ns

                      ------------------------------------------------------------------------------
2026-07-30 15:43:53   Boundary conditions: 

                        YZsymmetry: none
                        XZsymmetry: none
                        XYsymmetry: none

                        Xmin: expanded open
                        Xmax: expanded open

                        Ymin: expanded open
                        Ymax: expanded open

                        Zmin: expanded open
                        Zmax: expanded open

                      ------------------------------------------------------------------------------
2026-07-30 15:43:53   Order settings: 

                        Solver order   : 2nd (constant)
                        Curved elements: up to order 3 (automatic)

                      ------------------------------------------------------------------------------
2026-07-30 15:43:53   *** Warning ***

2026-07-30 15:43:53   The mesh adaptation has been deactivated. It is strongly recommended to enable the mesh adaptation for the tetrahedral 
                      mesh unless the problem is very large.

                      ------------------------------------------------------------------------------
2026-07-30 15:43:53   An iterative solver will be used first.

                      ------------------------------------------------------------------------------
2026-07-30 15:43:53     Mesh time                :	1 s


                      ------------------------------------------------------------------------------
2026-07-30 15:43:53   
                      ================================================================================
                      Frequency Domain Solver calculation cycle started

                      ------------------------------------------------------------------------------
2026-07-30 15:43:53   Solver started at: 2026-07-30 15:43:53 +0800

                        Module:  Frequency Domain: S-Parameter (Win 64)
                        Version: 2024.5 Release from 2024-06-14 (change 1285309)

                      ------------------------------------------------------------------------------
2026-07-30 15:43:53     Calculation 1 (Frequency: 5 GHz)


                      ------------------------------------------------------------------------------
2026-07-30 15:43:55     Matrix setup time        :	0 s
                        Degrees of freedom       :	123134
                        Number of mesh cells     :	18471

                        Stimulation port         :	1
                        Accuracy                 :	7.81456e-05
                        Iterations               :	30
                        Solver time              :	0 s


                      ------------------------------------------------------------------------------
2026-07-30 15:43:55     Total time               :	1 s

                      ------------------------------------------------------------------------------
2026-07-30 15:43:55   

                      ------------------------------------------------------------------------------
2026-07-30 15:43:55     Calculation 2 (Frequency: 1 GHz)


                      ------------------------------------------------------------------------------
2026-07-30 15:43:56     Matrix setup time        :	0 s
                        Degrees of freedom       :	123134
                        Number of mesh cells     :	18471

                        Stimulation port         :	1
                        Accuracy                 :	9.09276e-05
                        Iterations               :	16
                        Solver time              :	0 s


                      ------------------------------------------------------------------------------
2026-07-30 15:43:56     Total time               :	0 s

                      ------------------------------------------------------------------------------
2026-07-30 15:43:56   

                      ------------------------------------------------------------------------------
2026-07-30 15:43:56     Calculation 3 (Frequency: 3 GHz)


                      ------------------------------------------------------------------------------
2026-07-30 15:43:58     Matrix setup time        :	0 s
                        Degrees of freedom       :	123134
                        Number of mesh cells     :	18471

                        Stimulation port         :	1
                        Accuracy                 :	7.24879e-05
                        Iterations               :	20
                        Solver time              :	0 s


                      ------------------------------------------------------------------------------
2026-07-30 15:43:58     Total time               :	1 s

                      ------------------------------------------------------------------------------
2026-07-30 15:43:58   

                      ------------------------------------------------------------------------------
2026-07-30 15:43:58     Calculation 4 (Frequency: 4 GHz)


                      ------------------------------------------------------------------------------
2026-07-30 15:43:59     Matrix setup time        :	0 s
                        Degrees of freedom       :	123134
                        Number of mesh cells     :	18471

                        Stimulation port         :	1
                        Accuracy                 :	1.87426e-05
                        Iterations               :	26
                        Solver time              :	1 s


                      ------------------------------------------------------------------------------
2026-07-30 15:44:00     Total time               :	1 s

                      ------------------------------------------------------------------------------
2026-07-30 15:44:00   

                      ------------------------------------------------------------------------------
2026-07-30 15:44:00     Calculation 5 (Frequency: 2.108 GHz)


                      ------------------------------------------------------------------------------
2026-07-30 15:44:01     Matrix setup time        :	0 s
                        Degrees of freedom       :	123134
                        Number of mesh cells     :	18471

                        Stimulation port         :	1
                        Accuracy                 :	4.26967e-05
                        Iterations               :	24
                        Solver time              :	1 s


                      ------------------------------------------------------------------------------
2026-07-30 15:44:01     Total time               :	1 s

                      ------------------------------------------------------------------------------
2026-07-30 15:44:01   

                      ------------------------------------------------------------------------------
2026-07-30 15:44:01     Calculation 6 (Frequency: 4.56 GHz)


                      ------------------------------------------------------------------------------
2026-07-30 15:44:03     Matrix setup time        :	0 s
                        Degrees of freedom       :	123134
                        Number of mesh cells     :	18471

                        Stimulation port         :	1
                        Accuracy                 :	2.58356e-05
                        Iterations               :	27
                        Solver time              :	1 s


                      ------------------------------------------------------------------------------
2026-07-30 15:44:03     Total time               :	1 s

                      ------------------------------------------------------------------------------
2026-07-30 15:44:03   

                      ------------------------------------------------------------------------------
2026-07-30 15:44:03     Calculation 7 (Frequency: 2.044 GHz)


                      ------------------------------------------------------------------------------
2026-07-30 15:44:05     Matrix setup time        :	0 s
                        Degrees of freedom       :	123134
                        Number of mesh cells     :	18471

                        Stimulation port         :	1
                        Accuracy                 :	7.23716e-05
                        Iterations               :	14
                        Solver time              :	0 s


                      ------------------------------------------------------------------------------
2026-07-30 15:44:05     Total time               :	1 s

                      ------------------------------------------------------------------------------
2026-07-30 15:44:05   

                      ------------------------------------------------------------------------------
2026-07-30 15:44:05     Calculation 8 (Frequency: 2.244 GHz)


                      ------------------------------------------------------------------------------
2026-07-30 15:44:06     Matrix setup time        :	0 s
                        Degrees of freedom       :	123134
                        Number of mesh cells     :	18471

                        Stimulation port         :	1
                        Accuracy                 :	3.92574e-05
                        Iterations               :	10
                        Solver time              :	0 s


                      ------------------------------------------------------------------------------
2026-07-30 15:44:06     Total time               :	1 s

                      ------------------------------------------------------------------------------
2026-07-30 15:44:06   

                      ------------------------------------------------------------------------------
2026-07-30 15:44:06     Calculation 9 (Frequency: 1.584 GHz)


                      ------------------------------------------------------------------------------
2026-07-30 15:44:07     Matrix setup time        :	0 s
                        Degrees of freedom       :	123134
                        Number of mesh cells     :	18471

                        Stimulation port         :	1
                        Accuracy                 :	8.4983e-05
                        Iterations               :	16
                        Solver time              :	0 s


                      ------------------------------------------------------------------------------
2026-07-30 15:44:07     Total time               :	1 s

                      ------------------------------------------------------------------------------
2026-07-30 15:44:07   

                      ------------------------------------------------------------------------------
2026-07-30 15:44:07     Calculation 10 (Frequency: 2.536 GHz)


                      ------------------------------------------------------------------------------
2026-07-30 15:44:09     Matrix setup time        :	0 s
                        Degrees of freedom       :	123134
                        Number of mesh cells     :	18471

                        Stimulation port         :	1
                        Accuracy                 :	9.68656e-05
                        Iterations               :	10
                        Solver time              :	0 s


                      ------------------------------------------------------------------------------
2026-07-30 15:44:09     Total time               :	1 s

                      ------------------------------------------------------------------------------
2026-07-30 15:44:09   

                      ------------------------------------------------------------------------------
2026-07-30 15:44:09   Finished the general purpose interpolative broadband frequency sweep:
                      All broadband sweep convergence criteria have been satisfied after
                      calculating 10 frequency samples:

                        Broadband sweep error threshold value :  0.01 (All S-Parameters) 
                        Number of error criterion checks      :  2 (All S-Parameters) 
                        Minimum number of samples             :  3
                        Number of data samples, linear        :  1001

                      ------------------------------------------------------------------------------
2026-07-30 15:44:09     Number of mesh cells     :	18471
                        Degrees of freedom       :	123134
                        Total Solver Time        :	16 s
                      ================================================================================



                      ------------------------------------------------------------------------------
2026-07-30 15:44:09     ----------------------------------------------------------------------------
                                            Peak memory used (kB)         Free physical memory (kB) 
                                                                          At begin     Minimum      
                        ----------------------------------------------------------------------------
                        Solver start        25180                         5364008      5361468      
                        Eq. system setup    327244                        5309548      5149380      
                        Eq. system solve    329420                        5241984      5059208      
                        Solver run total    329420                        5364012      5059720      

                        Computer name       LAPTOP-3AL186QN
                        ----------------------------------------------------------------------------


                      ------------------------------------------------------------------------------
2026-07-30 15:44:09   Running postprocessing.

                      ------------------------------------------------------------------------------
2026-07-30 15:44:10   Postprocessing finished.

                      ------------------------------------------------------------------------------
2026-07-30 15:44:10   Creating parametric 1D results for Run ID 2

                      ------------------------------------------------------------------------------
