2026-07-26 02:07:23   The length ratio between the shortest and the longest model edges is 1:1052.
                      Short model edges can be highlighted via Mesh:Mesh Control->Check Mesh->Check
                      Model Edge Length.... (It may be advantageous to model the metallizations as
                      infinitely thin sheets.) More...

                      ------------------------------------------------------------------------------
2026-07-26 02:07:31   *** Warning ***

                      This software is licensed for non-commercial use only.

                      ------------------------------------------------------------------------------
2026-07-26 02:07:31   *** Warning ***

2026-07-26 02:07:31   `tbbmalloc_proxy` cannot replace memory allocation routines (status:-1):
                      Success: free (ucrtbase.dll), byte pattern: <C7442410000000008B4424>
                      Fail: _msize (ucrtbase.dll), byte pattern: <E9ABFFFFFFCCCCCCCCCCCC>
                      The solver will continue with a reduced performance.

                      ------------------------------------------------------------------------------
2026-07-26 02:07:31   Units settings: 

                        Dimensions: mm
                        Frequency:  GHz
                        Time:       ns

                      ------------------------------------------------------------------------------
2026-07-26 02:07:31   Boundary conditions: 

                        YZsymmetry: none
                        XZsymmetry: none
                        XYsymmetry: none

                        Xmin: expanded open
                        Xmax: expanded open

                        Ymin: expanded open
                        Ymax: expanded open

                        Zmin: expanded open
                        Zmax: expanded open

                      ------------------------------------------------------------------------------
2026-07-26 02:07:31   Order settings: 

                        Solver order   : 2nd (constant)
                        Curved elements: up to order 3 (automatic)

                      ------------------------------------------------------------------------------
2026-07-26 02:07:31   *** Warning ***

2026-07-26 02:07:31   The mesh adaptation has been deactivated. It is strongly recommended to enable the mesh adaptation for the tetrahedral 
                      mesh unless the problem is very large.

                      ------------------------------------------------------------------------------
2026-07-26 02:07:31   An iterative solver will be used first.

                      ------------------------------------------------------------------------------
2026-07-26 02:07:31     Mesh time                :	7 s


                      ------------------------------------------------------------------------------
2026-07-26 02:07:31   
                      ================================================================================
                      Frequency Domain Solver calculation cycle started

                      ------------------------------------------------------------------------------
2026-07-26 02:07:31   Solver started at: 2026-07-26 02:07:31 +0800

                        Module:  Frequency Domain: S-Parameter (Win 64)
                        Version: 2024.5 Release from 2024-06-14 (change 1285309)

                      ------------------------------------------------------------------------------
2026-07-26 02:07:31     Calculation 1 (Frequency: 5 GHz)


                      ------------------------------------------------------------------------------
2026-07-26 02:07:40   For some elements the curvature had to be reduced to maintain the quality of the mesh. More...

                      ------------------------------------------------------------------------------
2026-07-26 02:07:41   All discrete face ports are using a numerically calculated field, regardless of the port's shape.

                      ------------------------------------------------------------------------------
2026-07-26 02:07:43     Matrix setup time        :	0 s
                        Degrees of freedom       :	68370
                        Number of mesh cells     :	10111

                        Stimulation port         :	1
                        Accuracy                 :	9.77406e-05
                        Iterations               :	96
                        Solver time              :	1 s


                      ------------------------------------------------------------------------------
2026-07-26 02:07:43     Total time               :	11 s

                      ------------------------------------------------------------------------------
2026-07-26 02:07:43   

                      ------------------------------------------------------------------------------
2026-07-26 02:07:43     Calculation 2 (Frequency: 1 GHz)


                      ------------------------------------------------------------------------------
2026-07-26 02:07:44     Matrix setup time        :	0 s
                        Degrees of freedom       :	68370
                        Number of mesh cells     :	10111

                        Stimulation port         :	1
                        Accuracy                 :	9.23389e-05
                        Iterations               :	53
                        Solver time              :	0 s


                      ------------------------------------------------------------------------------
2026-07-26 02:07:44     Total time               :	1 s

                      ------------------------------------------------------------------------------
2026-07-26 02:07:44   

                      ------------------------------------------------------------------------------
2026-07-26 02:07:44     Calculation 3 (Frequency: 3 GHz)


                      ------------------------------------------------------------------------------
2026-07-26 02:07:46     Matrix setup time        :	0 s
                        Degrees of freedom       :	68370
                        Number of mesh cells     :	10111

                        Stimulation port         :	1
                        Accuracy                 :	9.70815e-05
                        Iterations               :	82
                        Solver time              :	1 s


                      ------------------------------------------------------------------------------
2026-07-26 02:07:46     Total time               :	1 s

                      ------------------------------------------------------------------------------
2026-07-26 02:07:46   

                      ------------------------------------------------------------------------------
2026-07-26 02:07:46     Calculation 4 (Frequency: 4 GHz)


                      ------------------------------------------------------------------------------
2026-07-26 02:07:47     Matrix setup time        :	0 s
                        Degrees of freedom       :	68370
                        Number of mesh cells     :	10111

                        Stimulation port         :	1
                        Accuracy                 :	9.60552e-05
                        Iterations               :	78
                        Solver time              :	1 s


                      ------------------------------------------------------------------------------
2026-07-26 02:07:47     Total time               :	1 s

                      ------------------------------------------------------------------------------
2026-07-26 02:07:47   

                      ------------------------------------------------------------------------------
2026-07-26 02:07:47     Calculation 5 (Frequency: 1.952 GHz)


                      ------------------------------------------------------------------------------
2026-07-26 02:07:49     Matrix setup time        :	0 s
                        Degrees of freedom       :	68370
                        Number of mesh cells     :	10111

                        Stimulation port         :	1
                        Accuracy                 :	9.12763e-05
                        Iterations               :	78
                        Solver time              :	1 s


                      ------------------------------------------------------------------------------
2026-07-26 02:07:49     Total time               :	1 s

                      ------------------------------------------------------------------------------
2026-07-26 02:07:49   

                      ------------------------------------------------------------------------------
2026-07-26 02:07:49     Calculation 6 (Frequency: 3.336 GHz)


                      ------------------------------------------------------------------------------
2026-07-26 02:07:50     Matrix setup time        :	0 s
                        Degrees of freedom       :	68370
                        Number of mesh cells     :	10111

                        Stimulation port         :	1
                        Accuracy                 :	7.08849e-05
                        Iterations               :	61
                        Solver time              :	0 s


                      ------------------------------------------------------------------------------
2026-07-26 02:07:50     Total time               :	1 s

                      ------------------------------------------------------------------------------
2026-07-26 02:07:50   

                      ------------------------------------------------------------------------------
2026-07-26 02:07:50     Calculation 7 (Frequency: 2.5 GHz)


                      ------------------------------------------------------------------------------
2026-07-26 02:07:53     Matrix setup time        :	0 s
                        Degrees of freedom       :	68370
                        Number of mesh cells     :	10111

                        Stimulation port         :	1
                        Accuracy                 :	8.71231e-05
                        Iterations               :	160
                        Solver time              :	2 s


                      ------------------------------------------------------------------------------
2026-07-26 02:07:53     Total time               :	2 s

                      ------------------------------------------------------------------------------
2026-07-26 02:07:53   

                      ------------------------------------------------------------------------------
2026-07-26 02:07:53     Calculation 8 (Frequency: 1.528 GHz)


                      ------------------------------------------------------------------------------
2026-07-26 02:07:54     Matrix setup time        :	0 s
                        Degrees of freedom       :	68370
                        Number of mesh cells     :	10111

                        Stimulation port         :	1
                        Accuracy                 :	8.33925e-05
                        Iterations               :	44
                        Solver time              :	0 s


                      ------------------------------------------------------------------------------
2026-07-26 02:07:54     Total time               :	0 s

                      ------------------------------------------------------------------------------
2026-07-26 02:07:54   

                      ------------------------------------------------------------------------------
2026-07-26 02:07:54   Finished the general purpose interpolative broadband frequency sweep:
                      All broadband sweep convergence criteria have been satisfied after
                      calculating 8 frequency samples:

                        Broadband sweep error threshold value :  0.01 (All S-Parameters) 
                        Number of error criterion checks      :  2 (All S-Parameters) 
                        Minimum number of samples             :  3
                        Number of data samples, linear        :  1001

                      ------------------------------------------------------------------------------
2026-07-26 02:07:54     Number of mesh cells     :	10111
                        Degrees of freedom       :	68370
                        Total Solver Time        :	29 s
                      ================================================================================



                      ------------------------------------------------------------------------------
2026-07-26 02:07:55     ----------------------------------------------------------------------------
                                            Peak memory used (kB)         Free physical memory (kB) 
                                                                          At begin     Minimum      
                        ----------------------------------------------------------------------------
                        Solver start        25700                         2982384      2980996      
                        Eq. system setup    229148                        2998612      2885016      
                        Eq. system solve    231636                        2969796      2831844      
                        Solver run total    231636                        2982388      2831844      

                        Computer name       LAPTOP-3AL186QN
                        ----------------------------------------------------------------------------


                      ------------------------------------------------------------------------------
2026-07-26 02:07:55   Running postprocessing.

                      ------------------------------------------------------------------------------
2026-07-26 02:07:56   Postprocessing finished.

                      ------------------------------------------------------------------------------
2026-07-26 02:07:56   Creating parametric 1D results for Run ID 125

                      ------------------------------------------------------------------------------
