2026-07-13 22:39:28   Please prefer discrete face ports over discrete edge ports. The Frequency
                      Domain solver may benefit from face ports in terms of accuracy and run time.
                      For convenience, a conversion macro exists in "Macros->Construct->Discrete
                      Ports".

                      ------------------------------------------------------------------------------
2026-07-13 22:39:40   *** Warning ***

                      This software is licensed for non-commercial use only.

                      ------------------------------------------------------------------------------
2026-07-13 22:39:40   *** Warning ***

2026-07-13 22:39:40   `tbbmalloc_proxy` cannot replace memory allocation routines (status:-1):
                      Success: free (ucrtbase.dll), byte pattern: <C7442410000000008B4424>
                      Fail: _msize (ucrtbase.dll), byte pattern: <E9ABFFFFFFCCCCCCCCCCCC>
                      The solver will continue with a reduced performance.

                      ------------------------------------------------------------------------------
2026-07-13 22:39:40   Units settings: 

                        Dimensions: mm
                        Frequency:  GHz
                        Time:       ns

                      ------------------------------------------------------------------------------
2026-07-13 22:39:40   Boundary conditions: 

                        YZsymmetry: none
                        XZsymmetry: none
                        XYsymmetry: none

                        Xmin: expanded open
                        Xmax: expanded open

                        Ymin: expanded open
                        Ymax: expanded open

                        Zmin: expanded open
                        Zmax: expanded open

                      ------------------------------------------------------------------------------
2026-07-13 22:39:40   Order settings: 

                        Solver order   : 2nd (constant)
                        Curved elements: up to order 3 (automatic)

                      ------------------------------------------------------------------------------
2026-07-13 22:39:40   *** Warning ***

2026-07-13 22:39:40   The mesh adaptation has been deactivated. It is strongly recommended to enable the mesh adaptation for the tetrahedral 
                      mesh unless the problem is very large.

                      ------------------------------------------------------------------------------
2026-07-13 22:39:40   An iterative solver will be used first.

                      ------------------------------------------------------------------------------
2026-07-13 22:39:40     Mesh time                :	11 s


                      ------------------------------------------------------------------------------
2026-07-13 22:39:40   
                      ================================================================================
                      Frequency Domain Solver calculation cycle started

                      ------------------------------------------------------------------------------
2026-07-13 22:39:40   Solver started at: 2026-07-13 22:39:40 +0800

                        Module:  Frequency Domain: S-Parameter (Win 64)
                        Version: 2024.5 Release from 2024-06-14 (change 1285309)

                      ------------------------------------------------------------------------------
2026-07-13 22:39:41     Calculation 1 (Frequency: 5 GHz)


                      ------------------------------------------------------------------------------
2026-07-13 22:39:44     Matrix setup time        :	0 s
                        Degrees of freedom       :	156258
                        Number of mesh cells     :	23656

                        Stimulation port         :	1
                        Accuracy                 :	8.61746e-05
                        Iterations               :	63
                        Solver time              :	2 s


                      ------------------------------------------------------------------------------
2026-07-13 22:39:44     Total time               :	3 s

                      ------------------------------------------------------------------------------
2026-07-13 22:39:44   

                      ------------------------------------------------------------------------------
2026-07-13 22:39:44     Calculation 2 (Frequency: 1 GHz)


                      ------------------------------------------------------------------------------
2026-07-13 22:39:46     Matrix setup time        :	0 s
                        Degrees of freedom       :	156258
                        Number of mesh cells     :	23656

                        Stimulation port         :	1
                        Accuracy                 :	8.04616e-05
                        Iterations               :	50
                        Solver time              :	1 s


                      ------------------------------------------------------------------------------
2026-07-13 22:39:46     Total time               :	2 s

                      ------------------------------------------------------------------------------
2026-07-13 22:39:46   

                      ------------------------------------------------------------------------------
2026-07-13 22:39:46     Calculation 3 (Frequency: 3 GHz)


                      ------------------------------------------------------------------------------
2026-07-13 22:39:49     Matrix setup time        :	0 s
                        Degrees of freedom       :	156258
                        Number of mesh cells     :	23656

                        Stimulation port         :	1
                        Accuracy                 :	8.49018e-05
                        Iterations               :	55
                        Solver time              :	1 s


                      ------------------------------------------------------------------------------
2026-07-13 22:39:49     Total time               :	2 s

                      ------------------------------------------------------------------------------
2026-07-13 22:39:49   

                      ------------------------------------------------------------------------------
2026-07-13 22:39:49     Calculation 4 (Frequency: 4 GHz)


                      ------------------------------------------------------------------------------
2026-07-13 22:39:51     Matrix setup time        :	0 s
                        Degrees of freedom       :	156258
                        Number of mesh cells     :	23656

                        Stimulation port         :	1
                        Accuracy                 :	8.79839e-05
                        Iterations               :	53
                        Solver time              :	1 s


                      ------------------------------------------------------------------------------
2026-07-13 22:39:52     Total time               :	2 s

                      ------------------------------------------------------------------------------
2026-07-13 22:39:52   

                      ------------------------------------------------------------------------------
2026-07-13 22:39:52     Calculation 5 (Frequency: 2 GHz)


                      ------------------------------------------------------------------------------
2026-07-13 22:39:54     Matrix setup time        :	0 s
                        Degrees of freedom       :	156258
                        Number of mesh cells     :	23656

                        Stimulation port         :	1
                        Accuracy                 :	9.25872e-05
                        Iterations               :	57
                        Solver time              :	1 s


                      ------------------------------------------------------------------------------
2026-07-13 22:39:54     Total time               :	2 s

                      ------------------------------------------------------------------------------
2026-07-13 22:39:54   

                      ------------------------------------------------------------------------------
2026-07-13 22:39:54     Calculation 6 (Frequency: 3.392 GHz)


                      ------------------------------------------------------------------------------
2026-07-13 22:39:56     Matrix setup time        :	0 s
                        Degrees of freedom       :	156258
                        Number of mesh cells     :	23656

                        Stimulation port         :	1
                        Accuracy                 :	8.46943e-05
                        Iterations               :	50
                        Solver time              :	1 s


                      ------------------------------------------------------------------------------
2026-07-13 22:39:57     Total time               :	2 s

                      ------------------------------------------------------------------------------
2026-07-13 22:39:57   

                      ------------------------------------------------------------------------------
2026-07-13 22:39:57     Calculation 7 (Frequency: 2.588 GHz)


                      ------------------------------------------------------------------------------
2026-07-13 22:39:59     Matrix setup time        :	0 s
                        Degrees of freedom       :	156258
                        Number of mesh cells     :	23656

                        Stimulation port         :	1
                        Accuracy                 :	8.32293e-05
                        Iterations               :	53
                        Solver time              :	1 s


                      ------------------------------------------------------------------------------
2026-07-13 22:39:59     Total time               :	2 s

                      ------------------------------------------------------------------------------
2026-07-13 22:39:59   

                      ------------------------------------------------------------------------------
2026-07-13 22:39:59     Calculation 8 (Frequency: 3.668 GHz)


                      ------------------------------------------------------------------------------
2026-07-13 22:40:01     Matrix setup time        :	0 s
                        Degrees of freedom       :	156258
                        Number of mesh cells     :	23656

                        Stimulation port         :	1
                        Accuracy                 :	7.40232e-05
                        Iterations               :	40
                        Solver time              :	1 s


                      ------------------------------------------------------------------------------
2026-07-13 22:40:01     Total time               :	1 s

                      ------------------------------------------------------------------------------
2026-07-13 22:40:01   

                      ------------------------------------------------------------------------------
2026-07-13 22:40:01     Calculation 9 (Frequency: 2.38 GHz)


                      ------------------------------------------------------------------------------
2026-07-13 22:40:03     Matrix setup time        :	0 s
                        Degrees of freedom       :	156258
                        Number of mesh cells     :	23656

                        Stimulation port         :	1
                        Accuracy                 :	6.18413e-05
                        Iterations               :	42
                        Solver time              :	1 s


                      ------------------------------------------------------------------------------
2026-07-13 22:40:03     Total time               :	1 s

                      ------------------------------------------------------------------------------
2026-07-13 22:40:03   

                      ------------------------------------------------------------------------------
2026-07-13 22:40:04     Calculation 10 (Frequency: 1.736 GHz)


                      ------------------------------------------------------------------------------
2026-07-13 22:40:06     Matrix setup time        :	0 s
                        Degrees of freedom       :	156258
                        Number of mesh cells     :	23656

                        Stimulation port         :	1
                        Accuracy                 :	9.74364e-05
                        Iterations               :	71
                        Solver time              :	2 s


                      ------------------------------------------------------------------------------
2026-07-13 22:40:07     Total time               :	2 s

                      ------------------------------------------------------------------------------
2026-07-13 22:40:07   

                      ------------------------------------------------------------------------------
2026-07-13 22:40:07     Calculation 11 (Frequency: 2.288 GHz)


                      ------------------------------------------------------------------------------
2026-07-13 22:40:08     Matrix setup time        :	0 s
                        Degrees of freedom       :	156258
                        Number of mesh cells     :	23656

                        Stimulation port         :	1
                        Accuracy                 :	8.62497e-05
                        Iterations               :	10
                        Solver time              :	0 s


                      ------------------------------------------------------------------------------
2026-07-13 22:40:08     Total time               :	0 s

                      ------------------------------------------------------------------------------
2026-07-13 22:40:08   

                      ------------------------------------------------------------------------------
2026-07-13 22:40:08     Calculation 12 (Frequency: 1.688 GHz)


                      ------------------------------------------------------------------------------
2026-07-13 22:40:09     Matrix setup time        :	0 s
                        Degrees of freedom       :	156258
                        Number of mesh cells     :	23656

                        Stimulation port         :	1
                        Accuracy                 :	9.1517e-05
                        Iterations               :	20
                        Solver time              :	0 s


                      ------------------------------------------------------------------------------
2026-07-13 22:40:09     Total time               :	1 s

                      ------------------------------------------------------------------------------
2026-07-13 22:40:09   

                      ------------------------------------------------------------------------------
2026-07-13 22:40:09     Calculation 13 (Frequency: 4.656 GHz)


                      ------------------------------------------------------------------------------
2026-07-13 22:40:11     Matrix setup time        :	0 s
                        Degrees of freedom       :	156258
                        Number of mesh cells     :	23656

                        Stimulation port         :	1
                        Accuracy                 :	6.86682e-05
                        Iterations               :	32
                        Solver time              :	1 s


                      ------------------------------------------------------------------------------
2026-07-13 22:40:11     Total time               :	1 s

                      ------------------------------------------------------------------------------
2026-07-13 22:40:11   

                      ------------------------------------------------------------------------------
2026-07-13 22:40:11   Finished the general purpose interpolative broadband frequency sweep:
                      All broadband sweep convergence criteria have been satisfied after
                      calculating 13 frequency samples:

                        Broadband sweep error threshold value :  0.01 (All S-Parameters) 
                        Number of error criterion checks      :  2 (All S-Parameters) 
                        Minimum number of samples             :  3
                        Number of data samples, linear        :  1001

                      ------------------------------------------------------------------------------
2026-07-13 22:40:11     Number of mesh cells     :	23656
                        Degrees of freedom       :	156258
                        Total Solver Time        :	41 s
                      ================================================================================



                      ------------------------------------------------------------------------------
2026-07-13 22:40:11     ----------------------------------------------------------------------------
                                            Peak memory used (kB)         Free physical memory (kB) 
                                                                          At begin     Minimum      
                        ----------------------------------------------------------------------------
                        Solver start        25212                         3961052      3960132      
                        Eq. system setup    395472                        3909860      3745728      
                        Eq. system solve    397692                        3816428      3636428      
                        Solver run total    397692                        3961056      3636428      

                        Computer name       LAPTOP-3AL186QN
                        ----------------------------------------------------------------------------


                      ------------------------------------------------------------------------------
2026-07-13 22:40:12   Running postprocessing.

                      ------------------------------------------------------------------------------
2026-07-13 22:40:13   Postprocessing finished.

                      ------------------------------------------------------------------------------
2026-07-13 22:40:13   Creating parametric 1D results for Run ID 17

                      ------------------------------------------------------------------------------
