2026-07-02 21:07:18   *** Warning ***

                      Electric isotropic material [Galinstan/material1] has a very high conductivity
                      for the given mesh. Depending on your configuration it may be better to use a
                      lossy metal type for this material. More...

                      ------------------------------------------------------------------------------
2026-07-02 21:07:18   Please prefer discrete face ports over discrete edge ports. The Frequency
                      Domain solver may benefit from face ports in terms of accuracy and run time.
                      For convenience, a conversion macro exists in "Macros->Construct->Discrete
                      Ports".

                      ------------------------------------------------------------------------------
2026-07-02 21:07:22   *** Warning ***

                      This software is licensed for non-commercial use only.

                      ------------------------------------------------------------------------------
2026-07-02 21:07:22   *** Warning ***

2026-07-02 21:07:22   `tbbmalloc_proxy` cannot replace memory allocation routines (status:-1):
                      Success: free (ucrtbase.dll), byte pattern: <C7442410000000008B4424>
                      Fail: _msize (ucrtbase.dll), byte pattern: <E9ABFFFFFFCCCCCCCCCCCC>
                      The solver will continue with a reduced performance.

                      ------------------------------------------------------------------------------
2026-07-02 21:07:22   Units settings: 

                        Dimensions: mm
                        Frequency:  GHz
                        Time:       ns

                      ------------------------------------------------------------------------------
2026-07-02 21:07:22   Boundary conditions: 

                        YZsymmetry: none
                        XZsymmetry: none
                        XYsymmetry: none

                        Xmin: expanded open
                        Xmax: expanded open

                        Ymin: expanded open
                        Ymax: expanded open

                        Zmin: expanded open
                        Zmax: expanded open

                      ------------------------------------------------------------------------------
2026-07-02 21:07:22   Order settings: 

                        Solver order   : 2nd (constant)
                        Curved elements: up to order 3 (automatic)

                      ------------------------------------------------------------------------------
2026-07-02 21:07:22   An iterative solver will be used first.

                      ------------------------------------------------------------------------------
2026-07-02 21:07:22     Mesh time                :	3 s


                      ------------------------------------------------------------------------------
2026-07-02 21:07:23   
                      ================================================================================
                      Frequency Domain Solver calculation cycle started

                      ------------------------------------------------------------------------------
2026-07-02 21:07:23   Solver started at: 2026-07-02 21:07:23 +0800

                        Module:  Frequency Domain: S-Parameter (Win 64)
                        Version: 2024.5 Release from 2024-06-14 (change 1285309)

                      ------------------------------------------------------------------------------
2026-07-02 21:07:23     Calculation 1 of 1 (Frequency: 3 GHz)


                      ------------------------------------------------------------------------------
2026-07-02 21:07:23   The wavelength based mesh refinement has been applied to 2.5% of all mesh edges.

                      ------------------------------------------------------------------------------
2026-07-02 21:07:25   For some elements the curvature had to be reduced to maintain the quality of the mesh. More...

                      ------------------------------------------------------------------------------
2026-07-02 21:07:25   Adaptive mesh refinement pass 1

                      ------------------------------------------------------------------------------
2026-07-02 21:07:26   Performing block excitation with block size 2 and 6 threads.  More...

                      ------------------------------------------------------------------------------
2026-07-02 21:07:31     Matrix setup time        :	0 s
                        Degrees of freedom       :	88576
                        Number of mesh cells     :	13651

                        Stimulation port         :	1
                        Accuracy                 :	9.95399e-05
                        Iterations               :	199
                        Solver time              :	5 s


                      ------------------------------------------------------------------------------
2026-07-02 21:07:31     Stimulation port         :	2
                        Accuracy                 :	8.55498e-05
                        Iterations               :	204
                        Solver time              :	5 s


                      ------------------------------------------------------------------------------
2026-07-02 21:07:31   The input reflection seems to be large at 3 GHz. The adaptive mesh refinement at this sample will be stopped. A new mesh
                      adaptation frequency has been added at 2 GHz.  More...

                      ------------------------------------------------------------------------------
2026-07-02 21:07:32     Total time               :	7 s

                      ------------------------------------------------------------------------------
2026-07-02 21:07:32   

                      ------------------------------------------------------------------------------
2026-07-02 21:07:32     Calculation 2 of 2 (Frequency: 2 GHz)


                      ------------------------------------------------------------------------------
2026-07-02 21:07:32   Adaptive mesh refinement pass 1

                      ------------------------------------------------------------------------------
2026-07-02 21:07:36     Matrix setup time        :	0 s
                        Degrees of freedom       :	88576
                        Number of mesh cells     :	13651

                        Stimulation port         :	1
                        Accuracy                 :	9.46653e-05
                        Iterations               :	109
                        Solver time              :	4 s


                      ------------------------------------------------------------------------------
2026-07-02 21:07:36     Stimulation port         :	2
                        Accuracy                 :	9.28726e-05
                        Iterations               :	104
                        Solver time              :	3 s


                      ------------------------------------------------------------------------------
2026-07-02 21:07:36   The input reflection seems to be large at 2 GHz. The adaptive mesh refinement at this sample will be stopped. A new mesh
                      adaptation frequency has been added at 2.5 GHz.  More...

                      ------------------------------------------------------------------------------
2026-07-02 21:07:37     Total time               :	5 s

                      ------------------------------------------------------------------------------
2026-07-02 21:07:37   

                      ------------------------------------------------------------------------------
2026-07-02 21:07:38     Calculation 3 of 3 (Frequency: 2.5 GHz)


                      ------------------------------------------------------------------------------
2026-07-02 21:07:38   Adaptive mesh refinement pass 1

                      ------------------------------------------------------------------------------
2026-07-02 21:07:56     Matrix setup time        :	0 s
                        Degrees of freedom       :	88576
                        Number of mesh cells     :	13651

                        Stimulation port         :	1
                        Accuracy                 :	9.13719e-05
                        Iterations               :	169
                        Solver time              :	16 s


                      ------------------------------------------------------------------------------
2026-07-02 21:07:56     Stimulation port         :	2
                        Accuracy                 :	9.86605e-05
                        Iterations               :	169
                        Solver time              :	16 s


                      ------------------------------------------------------------------------------
2026-07-02 21:07:56   The input reflection seems to be large at 2.5 GHz. The adaptive mesh refinement at this sample will be stopped. A new 
                      mesh adaptation frequency has been added at 1.5 GHz.  More...

                      ------------------------------------------------------------------------------
2026-07-02 21:07:57     Total time               :	18 s

                      ------------------------------------------------------------------------------
2026-07-02 21:07:57   

                      ------------------------------------------------------------------------------
2026-07-02 21:07:57     Calculation 4 of 4 (Frequency: 1.5 GHz)


                      ------------------------------------------------------------------------------
2026-07-02 21:07:57   Adaptive mesh refinement pass 1

                      ------------------------------------------------------------------------------
2026-07-02 21:08:05     Matrix setup time        :	0 s
                        Degrees of freedom       :	88576
                        Number of mesh cells     :	13651

                        Stimulation port         :	1
                        Accuracy                 :	9.67801e-05
                        Iterations               :	77
                        Solver time              :	6 s


                      ------------------------------------------------------------------------------
2026-07-02 21:08:05     Stimulation port         :	2
                        Accuracy                 :	9.13907e-05
                        Iterations               :	77
                        Solver time              :	6 s


                      ------------------------------------------------------------------------------
2026-07-02 21:08:05   The input reflection seems to be large at 1.5 GHz. The adaptive mesh refinement at this sample will be stopped. A new 
                      mesh adaptation frequency has been added at 1 GHz.  More...

                      ------------------------------------------------------------------------------
2026-07-02 21:08:05     Total time               :	8 s

                      ------------------------------------------------------------------------------
2026-07-02 21:08:05   

                      ------------------------------------------------------------------------------
2026-07-02 21:08:05     Calculation 5 of 5 (Frequency: 1 GHz)


                      ------------------------------------------------------------------------------
2026-07-02 21:08:05   Adaptive mesh refinement pass 1

                      ------------------------------------------------------------------------------
2026-07-02 21:08:07     Matrix setup time        :	0 s
                        Degrees of freedom       :	88576
                        Number of mesh cells     :	13651

                        Stimulation port         :	1
                        Accuracy                 :	9.98346e-05
                        Iterations               :	67
                        Solver time              :	1 s


                      ------------------------------------------------------------------------------
2026-07-02 21:08:07     Stimulation port         :	2
                        Accuracy                 :	9.3012e-05
                        Iterations               :	67
                        Solver time              :	1 s


                      ------------------------------------------------------------------------------
2026-07-02 21:08:07   The input reflection seems to be large at 1 GHz. The adaptive mesh refinement at this sample will be stopped. The mesh 
                      adaptation is performed at 3 GHz again.  More...

                      ------------------------------------------------------------------------------
2026-07-02 21:08:08     Total time               :	2 s

                      ------------------------------------------------------------------------------
2026-07-02 21:08:08   

                      ------------------------------------------------------------------------------
2026-07-02 21:08:08     Calculation 1 of 5 (Frequency: 3 GHz)


                      ------------------------------------------------------------------------------
2026-07-02 21:08:08   32% of all mesh edges seem to be longer than expected. The adaptive mesh refinement's growth limitation will therefore 
                      use 40247 instead of 12174 mesh cells as a reference.

                      ------------------------------------------------------------------------------
2026-07-02 21:08:08   The wavelength based mesh refinement has been applied to 0.1% of all mesh edges.

                      ------------------------------------------------------------------------------
2026-07-02 21:08:10   For some elements the curvature had to be reduced to maintain the quality of the mesh. More...

                      ------------------------------------------------------------------------------
2026-07-02 21:08:10   Adaptive mesh refinement pass 2

                      ------------------------------------------------------------------------------
2026-07-02 21:08:18     Matrix setup time        :	0 s
                        Degrees of freedom       :	104862
                        Number of mesh cells     :	16204

                        Stimulation port         :	1
                        Accuracy                 :	9.94165e-05
                        Iterations               :	205
                        Solver time              :	6 s


                      ------------------------------------------------------------------------------
2026-07-02 21:08:18     Stimulation port         :	2
                        Accuracy                 :	9.98674e-05
                        Iterations               :	202
                        Solver time              :	6 s


                      ------------------------------------------------------------------------------
2026-07-02 21:08:18   *** Warning ***

2026-07-02 21:08:18   The input reflection seems to be large at 3 GHz. The mesh adaptation sample will not be moved again. Please define a 
                      suitable constant adaptation frequency.  More...

                      ------------------------------------------------------------------------------
2026-07-02 21:08:20   For some elements the curvature had to be reduced to maintain the quality of the mesh. More...

                      ------------------------------------------------------------------------------
2026-07-02 21:08:20   Adaptive mesh refinement pass 3

                      ------------------------------------------------------------------------------
2026-07-02 21:08:35     Matrix setup time        :	0 s
                        Degrees of freedom       :	119804
                        Number of mesh cells     :	18552

                        Stimulation port         :	1
                        Accuracy                 :	9.67749e-05
                        Iterations               :	193
                        Solver time              :	13 s


                      ------------------------------------------------------------------------------
2026-07-02 21:08:35     Stimulation port         :	2
                        Accuracy                 :	9.27121e-05
                        Iterations               :	188
                        Solver time              :	13 s


                      ------------------------------------------------------------------------------
2026-07-02 21:08:35     Delta calculation        
2026-07-02 21:08:35     All S-Parameters         :	0.0285534
2026-07-02 21:08:35   

                      ------------------------------------------------------------------------------
2026-07-02 21:08:46   For some elements the curvature had to be reduced to maintain the quality of the mesh. More...

                      ------------------------------------------------------------------------------
2026-07-02 21:08:48   Adaptive mesh refinement pass 4

                      ------------------------------------------------------------------------------
2026-07-02 21:09:17     Matrix setup time        :	2 s
                        Solver setup             :	1 s
                        Degrees of freedom       :	134330
                        Number of mesh cells     :	20835

                        Stimulation port         :	1
                        Accuracy                 :	8.71957e-05
                        Iterations               :	160
                        Solver time              :	24 s


                      ------------------------------------------------------------------------------
2026-07-02 21:09:17     Stimulation port         :	2
                        Accuracy                 :	9.01172e-05
                        Iterations               :	165
                        Solver time              :	25 s


                      ------------------------------------------------------------------------------
2026-07-02 21:09:17     Delta calculation        
2026-07-02 21:09:17     All S-Parameters         :	0.00932865
2026-07-02 21:09:17   

                      ------------------------------------------------------------------------------
2026-07-02 21:09:17   Mesh adaptation terminated because the desired accuracy limit is reached.

                      ------------------------------------------------------------------------------
2026-07-02 21:09:18     Total time               :	69 s	 (= 0 h, 01 m, 09 s)

                      ------------------------------------------------------------------------------
2026-07-02 21:09:18   

                      ------------------------------------------------------------------------------
2026-07-02 21:09:19     Calculation 4 (Frequency: 1.5 GHz)


                      ------------------------------------------------------------------------------
2026-07-02 21:09:23     Matrix setup time        :	0 s
                        Degrees of freedom       :	134330
                        Number of mesh cells     :	20835

                        Stimulation port         :	1
                        Accuracy                 :	7.88638e-05
                        Iterations               :	84
                        Solver time              :	3 s


                      ------------------------------------------------------------------------------
2026-07-02 21:09:23     Stimulation port         :	2
                        Accuracy                 :	9.91878e-05
                        Iterations               :	84
                        Solver time              :	3 s


                      ------------------------------------------------------------------------------
2026-07-02 21:09:23     Total time               :	4 s

                      ------------------------------------------------------------------------------
2026-07-02 21:09:23   

                      ------------------------------------------------------------------------------
2026-07-02 21:09:23     Calculation 5 (Frequency: 1 GHz)


                      ------------------------------------------------------------------------------
2026-07-02 21:09:28     Matrix setup time        :	0 s
                        Degrees of freedom       :	134330
                        Number of mesh cells     :	20835

                        Stimulation port         :	1
                        Accuracy                 :	9.95443e-05
                        Iterations               :	32
                        Solver time              :	3 s


                      ------------------------------------------------------------------------------
2026-07-02 21:09:28     Stimulation port         :	2
                        Accuracy                 :	9.71062e-05
                        Iterations               :	32
                        Solver time              :	3 s


                      ------------------------------------------------------------------------------
2026-07-02 21:09:28     Total time               :	4 s

                      ------------------------------------------------------------------------------
2026-07-02 21:09:28   

                      ------------------------------------------------------------------------------
2026-07-02 21:09:28     Calculation 3 (Frequency: 2.5 GHz)


                      ------------------------------------------------------------------------------
2026-07-02 21:09:39     Matrix setup time        :	0 s
                        Degrees of freedom       :	134330
                        Number of mesh cells     :	20835

                        Stimulation port         :	1
                        Accuracy                 :	7.8618e-05
                        Iterations               :	172
                        Solver time              :	10 s


                      ------------------------------------------------------------------------------
2026-07-02 21:09:39     Stimulation port         :	2
                        Accuracy                 :	9.15531e-05
                        Iterations               :	154
                        Solver time              :	8 s


                      ------------------------------------------------------------------------------
2026-07-02 21:09:41   Calculating additional frequency samples due to field monitors, equidistant sampling interval, or single frequency 
                      sample definitions.

                      ------------------------------------------------------------------------------
2026-07-02 21:09:42     Generating results       :	2 s

                        Total time               :	13 s

                      ------------------------------------------------------------------------------
2026-07-02 21:09:42   

                      ------------------------------------------------------------------------------
2026-07-02 21:09:42     Calculation 2 (Frequency: 2 GHz)


                      ------------------------------------------------------------------------------
2026-07-02 21:09:57     Matrix setup time        :	1 s
                        Solver setup             :	1 s
                        Degrees of freedom       :	134330
                        Number of mesh cells     :	20835

                        Stimulation port         :	1
                        Accuracy                 :	9.74394e-05
                        Iterations               :	73
                        Solver time              :	11 s


                      ------------------------------------------------------------------------------
2026-07-02 21:09:57     Stimulation port         :	2
                        Accuracy                 :	9.96039e-05
                        Iterations               :	79
                        Solver time              :	12 s


                      ------------------------------------------------------------------------------
2026-07-02 21:10:00   No automatic samples have been calculated up to now. Therefore, the frequency sweep is continued with additional 
                      automatically chosen samples.

                      ------------------------------------------------------------------------------
2026-07-02 21:10:00     Generating results       :	2 s

                        Total time               :	17 s

                      ------------------------------------------------------------------------------
2026-07-02 21:10:00   

                      ------------------------------------------------------------------------------
2026-07-02 21:10:00     Calculation 6 (Frequency: 2.836 GHz)


                      ------------------------------------------------------------------------------
2026-07-02 21:10:33     Matrix setup time        :	1 s
                        Solver setup             :	1 s
                        Degrees of freedom       :	134330
                        Number of mesh cells     :	20835

                        Stimulation port         :	1
                        Accuracy                 :	8.57543e-05
                        Iterations               :	193
                        Solver time              :	29 s


                      ------------------------------------------------------------------------------
2026-07-02 21:10:33     Stimulation port         :	2
                        Accuracy                 :	9.95694e-05
                        Iterations               :	194
                        Solver time              :	30 s


                      ------------------------------------------------------------------------------
2026-07-02 21:10:33   The direct solver will be used.

                      ------------------------------------------------------------------------------
2026-07-02 21:10:34     Total time               :	32 s

                      ------------------------------------------------------------------------------
2026-07-02 21:10:34   

                      ------------------------------------------------------------------------------
2026-07-02 21:10:34     Calculation 7 (Frequency: 2.362 GHz)


                      ------------------------------------------------------------------------------
2026-07-02 21:10:42     Matrix setup time        :	2 s
                        Solver setup             :	5 s
                        Degrees of freedom       :	134330
                        Number of mesh cells     :	20835

                        Stimulation port         :	1
                        Accuracy                 :	2.20637e-11
                        Iterations               :	1
                        Solver time              :	0 s


                      ------------------------------------------------------------------------------
2026-07-02 21:10:42     Stimulation port         :	2
                        Accuracy                 :	1.37924e-11
                        Iterations               :	1
                        Solver time              :	0 s


                      ------------------------------------------------------------------------------
2026-07-02 21:10:42     Total time               :	8 s

                      ------------------------------------------------------------------------------
2026-07-02 21:10:42   

                      ------------------------------------------------------------------------------
2026-07-02 21:10:42     Calculation 8 (Frequency: 2.768 GHz)


                      ------------------------------------------------------------------------------
2026-07-02 21:10:45     Matrix setup time        :	0 s
                        Solver setup             :	1 s
                        Degrees of freedom       :	134330
                        Number of mesh cells     :	20835

                        Stimulation port         :	1
                        Accuracy                 :	7.55918e-11
                        Iterations               :	1
                        Solver time              :	0 s


                      ------------------------------------------------------------------------------
2026-07-02 21:10:45     Stimulation port         :	2
                        Accuracy                 :	6.74793e-11
                        Iterations               :	1
                        Solver time              :	0 s


                      ------------------------------------------------------------------------------
2026-07-02 21:10:45     Total time               :	2 s

                      ------------------------------------------------------------------------------
2026-07-02 21:10:45   

                      ------------------------------------------------------------------------------
2026-07-02 21:10:45   Finished the general purpose interpolative broadband frequency sweep:
                      All broadband sweep convergence criteria have been satisfied after
                      calculating 8 frequency samples:

                        Broadband sweep error threshold value :  0.01 (All S-Parameters) 
                        Number of error criterion checks      :  2 (All S-Parameters) 
                        Minimum number of samples             :  3
                        Number of data samples, linear        :  1001

                      ------------------------------------------------------------------------------
2026-07-02 21:10:45     Number of mesh cells     :	20835
                        Degrees of freedom       :	134330
                        Total Solver Time        :	202 s	 (= 0 h, 03 m, 22 s)
                      ================================================================================



                      ------------------------------------------------------------------------------
2026-07-02 21:10:45   Calculating remaining monitors.

                      ------------------------------------------------------------------------------
2026-07-02 21:10:46     ----------------------------------------------------------------------------
                                            Peak memory used (kB)         Free physical memory (kB) 
                                                                          At begin     Minimum      
                        ----------------------------------------------------------------------------
                        Solver start        24916                         4187844      4187424      
                        Eq. system setup    1271096                       4629952      4020880      
                        Eq. system solve    1275536                       4568164      3837004      
                        Mesh refinement     355748                        4335088      4334728      
                        Solver run total    1275536                       4187528      3837004      

                        Computer name       LAPTOP-3AL186QN
                        ----------------------------------------------------------------------------


                      ------------------------------------------------------------------------------
2026-07-02 21:10:47   Running postprocessing.

                      ------------------------------------------------------------------------------
2026-07-02 21:10:47   Postprocessing finished.

                      ------------------------------------------------------------------------------
2026-07-02 21:10:47   Creating parametric 1D results for Run ID 4

                      ------------------------------------------------------------------------------
