2026-07-27 23:33:19   In order to get an optimal performance, hyperthreading is ignored for parallel
                      computations.

                      ------------------------------------------------------------------------------
2026-07-27 23:33:19   Please prefer discrete face ports over discrete edge ports. The Frequency
                      Domain solver may benefit from face ports in terms of accuracy and run time.
                      For convenience, a conversion macro exists in "Macros->Construct->Discrete
                      Ports".

                      ------------------------------------------------------------------------------
2026-07-27 23:33:35   *** Warning ***

                      This software is licensed for non-commercial use only.

                      ------------------------------------------------------------------------------
2026-07-27 23:33:35   *** Warning ***

2026-07-27 23:33:35   `tbbmalloc_proxy` cannot replace memory allocation routines (status:-1):
                      Success: free (ucrtbase.dll), byte pattern: <C7442410000000008B4424>
                      Fail: _msize (ucrtbase.dll), byte pattern: <E9ABFFFFFFCCCCCCCCCCCC>
                      The solver will continue with a reduced performance.

                      ------------------------------------------------------------------------------
2026-07-27 23:33:35   Units settings: 

                        Dimensions: mm
                        Frequency:  GHz
                        Time:       ns

                      ------------------------------------------------------------------------------
2026-07-27 23:33:35   Boundary conditions: 

                        YZsymmetry: none
                        XZsymmetry: none
                        XYsymmetry: none

                        Xmin: expanded open
                        Xmax: expanded open

                        Ymin: expanded open
                        Ymax: expanded open

                        Zmin: expanded open
                        Zmax: expanded open

                      ------------------------------------------------------------------------------
2026-07-27 23:33:35   Order settings: 

                        Solver order   : 2nd (constant)
                        Curved elements: up to order 3 (automatic)

                      ------------------------------------------------------------------------------
2026-07-27 23:33:35   *** Warning ***

2026-07-27 23:33:35   The mesh adaptation has been deactivated. It is strongly recommended to enable the mesh adaptation for the tetrahedral 
                      mesh unless the problem is very large.

                      ------------------------------------------------------------------------------
2026-07-27 23:33:35   An iterative solver will be used first.

                      ------------------------------------------------------------------------------
2026-07-27 23:33:35     Mesh time                :	15 s


                      ------------------------------------------------------------------------------
2026-07-27 23:33:36   
                      ================================================================================
                      Frequency Domain Solver calculation cycle started

                      ------------------------------------------------------------------------------
2026-07-27 23:33:36   Solver started at: 2026-07-27 23:33:36 +0800

                        Module:  Frequency Domain: S-Parameter (Win 64)
                        Version: 2024.5 Release from 2024-06-14 (change 1285309)

                      ------------------------------------------------------------------------------
2026-07-27 23:33:36     Calculation 1 (Frequency: 5 GHz)


                      ------------------------------------------------------------------------------
2026-07-27 23:33:36   *** Warning ***

2026-07-27 23:33:36   Some edges which are part of lossy conductor surfaces are the intersection of otherwise disjoint regions. These edges 
                      will be treated as infinitely thin PEC wires. Click here to show the positions.

                      ------------------------------------------------------------------------------
2026-07-27 23:33:36   *** Warning ***

2026-07-27 23:33:36   Low memory: Only 1.18 GB of 15.71 GB available.


                      ------------------------------------------------------------------------------
2026-07-27 23:33:38     Matrix setup time        :	0 s
                        Degrees of freedom       :	106122
                        Number of mesh cells     :	15722

                        Stimulation port         :	1
                        Accuracy                 :	7.56956e-05
                        Iterations               :	40
                        Solver time              :	1 s


                      ------------------------------------------------------------------------------
2026-07-27 23:33:38     Total time               :	2 s

                      ------------------------------------------------------------------------------
2026-07-27 23:33:38   

                      ------------------------------------------------------------------------------
2026-07-27 23:33:38     Calculation 2 (Frequency: 1 GHz)


                      ------------------------------------------------------------------------------
2026-07-27 23:33:40     Matrix setup time        :	0 s
                        Degrees of freedom       :	106122
                        Number of mesh cells     :	15722

                        Stimulation port         :	1
                        Accuracy                 :	7.71376e-05
                        Iterations               :	35
                        Solver time              :	1 s


                      ------------------------------------------------------------------------------
2026-07-27 23:33:40     Total time               :	1 s

                      ------------------------------------------------------------------------------
2026-07-27 23:33:40   

                      ------------------------------------------------------------------------------
2026-07-27 23:33:40     Calculation 3 (Frequency: 3 GHz)


                      ------------------------------------------------------------------------------
2026-07-27 23:33:41     Matrix setup time        :	0 s
                        Degrees of freedom       :	106122
                        Number of mesh cells     :	15722

                        Stimulation port         :	1
                        Accuracy                 :	8.87643e-05
                        Iterations               :	29
                        Solver time              :	0 s


                      ------------------------------------------------------------------------------
2026-07-27 23:33:41     Total time               :	1 s

                      ------------------------------------------------------------------------------
2026-07-27 23:33:41   

                      ------------------------------------------------------------------------------
2026-07-27 23:33:41     Calculation 4 (Frequency: 4 GHz)


                      ------------------------------------------------------------------------------
2026-07-27 23:33:43     Matrix setup time        :	0 s
                        Degrees of freedom       :	106122
                        Number of mesh cells     :	15722

                        Stimulation port         :	1
                        Accuracy                 :	8.0379e-05
                        Iterations               :	29
                        Solver time              :	0 s


                      ------------------------------------------------------------------------------
2026-07-27 23:33:43     Total time               :	1 s

                      ------------------------------------------------------------------------------
2026-07-27 23:33:43   

                      ------------------------------------------------------------------------------
2026-07-27 23:33:43     Calculation 5 (Frequency: 1.788 GHz)


                      ------------------------------------------------------------------------------
2026-07-27 23:33:45     Matrix setup time        :	0 s
                        Degrees of freedom       :	106122
                        Number of mesh cells     :	15722

                        Stimulation port         :	1
                        Accuracy                 :	8.75195e-05
                        Iterations               :	49
                        Solver time              :	1 s


                      ------------------------------------------------------------------------------
2026-07-27 23:33:45     Total time               :	1 s

                      ------------------------------------------------------------------------------
2026-07-27 23:33:45   

                      ------------------------------------------------------------------------------
2026-07-27 23:33:45     Calculation 6 (Frequency: 3.568 GHz)


                      ------------------------------------------------------------------------------
2026-07-27 23:33:46     Matrix setup time        :	0 s
                        Degrees of freedom       :	106122
                        Number of mesh cells     :	15722

                        Stimulation port         :	1
                        Accuracy                 :	8.9765e-05
                        Iterations               :	32
                        Solver time              :	1 s


                      ------------------------------------------------------------------------------
2026-07-27 23:33:46     Total time               :	1 s

                      ------------------------------------------------------------------------------
2026-07-27 23:33:46   

                      ------------------------------------------------------------------------------
2026-07-27 23:33:46     Calculation 7 (Frequency: 1.372 GHz)


                      ------------------------------------------------------------------------------
2026-07-27 23:33:47     Matrix setup time        :	0 s
                        Degrees of freedom       :	106122
                        Number of mesh cells     :	15722

                        Stimulation port         :	1
                        Accuracy                 :	9.05121e-05
                        Iterations               :	15
                        Solver time              :	0 s


                      ------------------------------------------------------------------------------
2026-07-27 23:33:47     Total time               :	0 s

                      ------------------------------------------------------------------------------
2026-07-27 23:33:47   

                      ------------------------------------------------------------------------------
2026-07-27 23:33:47     Calculation 8 (Frequency: 2.116 GHz)


                      ------------------------------------------------------------------------------
2026-07-27 23:33:49     Matrix setup time        :	0 s
                        Degrees of freedom       :	106122
                        Number of mesh cells     :	15722

                        Stimulation port         :	1
                        Accuracy                 :	9.57356e-05
                        Iterations               :	30
                        Solver time              :	0 s


                      ------------------------------------------------------------------------------
2026-07-27 23:33:49     Total time               :	1 s

                      ------------------------------------------------------------------------------
2026-07-27 23:33:49   

                      ------------------------------------------------------------------------------
2026-07-27 23:33:49     Calculation 9 (Frequency: 1.7 GHz)


                      ------------------------------------------------------------------------------
2026-07-27 23:33:50     Matrix setup time        :	0 s
                        Degrees of freedom       :	106122
                        Number of mesh cells     :	15722

                        Stimulation port         :	1
                        Accuracy                 :	9.21131e-05
                        Iterations               :	5
                        Solver time              :	0 s


                      ------------------------------------------------------------------------------
2026-07-27 23:33:50     Total time               :	0 s

                      ------------------------------------------------------------------------------
2026-07-27 23:33:50   

                      ------------------------------------------------------------------------------
2026-07-27 23:33:50     Calculation 10 (Frequency: 1.848 GHz)


                      ------------------------------------------------------------------------------
2026-07-27 23:33:50     Matrix setup time        :	0 s
                        Degrees of freedom       :	106122
                        Number of mesh cells     :	15722

                        Stimulation port         :	1
                        Accuracy                 :	7.41545e-05
                        Iterations               :	5
                        Solver time              :	0 s


                      ------------------------------------------------------------------------------
2026-07-27 23:33:50     Total time               :	0 s

                      ------------------------------------------------------------------------------
2026-07-27 23:33:50   

                      ------------------------------------------------------------------------------
2026-07-27 23:33:50     Calculation 11 (Frequency: 3.416 GHz)


                      ------------------------------------------------------------------------------
2026-07-27 23:33:51     Matrix setup time        :	0 s
                        Degrees of freedom       :	106122
                        Number of mesh cells     :	15722

                        Stimulation port         :	1
                        Accuracy                 :	7.77239e-05
                        Iterations               :	5
                        Solver time              :	0 s


                      ------------------------------------------------------------------------------
2026-07-27 23:33:51     Total time               :	0 s

                      ------------------------------------------------------------------------------
2026-07-27 23:33:51   

                      ------------------------------------------------------------------------------
2026-07-27 23:33:51     Calculation 12 (Frequency: 3.716 GHz)


                      ------------------------------------------------------------------------------
2026-07-27 23:33:52     Matrix setup time        :	0 s
                        Degrees of freedom       :	106122
                        Number of mesh cells     :	15722

                        Stimulation port         :	1
                        Accuracy                 :	9.66841e-05
                        Iterations               :	5
                        Solver time              :	0 s


                      ------------------------------------------------------------------------------
2026-07-27 23:33:52     Total time               :	0 s

                      ------------------------------------------------------------------------------
2026-07-27 23:33:52   

                      ------------------------------------------------------------------------------
2026-07-27 23:33:52     Calculation 13 (Frequency: 2.392 GHz)


                      ------------------------------------------------------------------------------
2026-07-27 23:33:53     Matrix setup time        :	0 s
                        Degrees of freedom       :	106122
                        Number of mesh cells     :	15722

                        Stimulation port         :	1
                        Accuracy                 :	8.12082e-05
                        Iterations               :	31
                        Solver time              :	0 s


                      ------------------------------------------------------------------------------
2026-07-27 23:33:54     Total time               :	1 s

                      ------------------------------------------------------------------------------
2026-07-27 23:33:54   

                      ------------------------------------------------------------------------------
2026-07-27 23:33:54     Calculation 14 (Frequency: 4.572 GHz)


                      ------------------------------------------------------------------------------
2026-07-27 23:33:56     Matrix setup time        :	0 s
                        Degrees of freedom       :	106122
                        Number of mesh cells     :	15722

                        Stimulation port         :	1
                        Accuracy                 :	2.41112e-05
                        Iterations               :	45
                        Solver time              :	1 s


                      ------------------------------------------------------------------------------
2026-07-27 23:33:56     Total time               :	1 s

                      ------------------------------------------------------------------------------
2026-07-27 23:33:56   

                      ------------------------------------------------------------------------------
2026-07-27 23:33:56     Calculation 15 (Frequency: 2.464 GHz)


                      ------------------------------------------------------------------------------
2026-07-27 23:33:56     Matrix setup time        :	0 s
                        Degrees of freedom       :	106122
                        Number of mesh cells     :	15722

                        Stimulation port         :	1
                        Accuracy                 :	5.33433e-05
                        Iterations               :	5
                        Solver time              :	0 s


                      ------------------------------------------------------------------------------
2026-07-27 23:33:56     Total time               :	0 s

                      ------------------------------------------------------------------------------
2026-07-27 23:33:56   

                      ------------------------------------------------------------------------------
2026-07-27 23:33:56   Finished the general purpose interpolative broadband frequency sweep:
                      All broadband sweep convergence criteria have been satisfied after
                      calculating 15 frequency samples:

                        Broadband sweep error threshold value :  0.01 (All S-Parameters) 
                        Number of error criterion checks      :  2 (All S-Parameters) 
                        Minimum number of samples             :  3
                        Number of data samples, linear        :  1001

                      ------------------------------------------------------------------------------
2026-07-27 23:33:56     Number of mesh cells     :	15722
                        Degrees of freedom       :	106122
                        Total Solver Time        :	35 s
                      ================================================================================



                      ------------------------------------------------------------------------------
2026-07-27 23:33:57     ----------------------------------------------------------------------------
                                            Peak memory used (kB)         Free physical memory (kB) 
                                                                          At begin     Minimum      
                        ----------------------------------------------------------------------------
                        Solver start        25452                         1348584      1348584      
                        Eq. system setup    272916                        1316756      1203136      
                        Eq. system solve    272916                        1257624      1143128      
                        Solver run total    272916                        1348556      1174912      

                        Computer name       LAPTOP-3AL186QN
                        ----------------------------------------------------------------------------


                      ------------------------------------------------------------------------------
2026-07-27 23:33:57   Running postprocessing.

                      ------------------------------------------------------------------------------
2026-07-27 23:33:58   Postprocessing finished.

                      ------------------------------------------------------------------------------
2026-07-27 23:33:58   Creating parametric 1D results for Run ID 61

                      ------------------------------------------------------------------------------
