2026-07-28 17:14:21   In order to get an optimal performance, hyperthreading is ignored for parallel
                      computations.

                      ------------------------------------------------------------------------------
2026-07-28 17:14:21   Please prefer discrete face ports over discrete edge ports. The Frequency
                      Domain solver may benefit from face ports in terms of accuracy and run time.
                      For convenience, a conversion macro exists in "Macros->Construct->Discrete
                      Ports".

                      ------------------------------------------------------------------------------
2026-07-28 17:14:36   *** Warning ***

                      This software is licensed for non-commercial use only.

                      ------------------------------------------------------------------------------
2026-07-28 17:14:37   *** Warning ***

2026-07-28 17:14:37   `tbbmalloc_proxy` cannot replace memory allocation routines (status:-1):
                      Success: free (ucrtbase.dll), byte pattern: <C7442410000000008B4424>
                      Fail: _msize (ucrtbase.dll), byte pattern: <E9ABFFFFFFCCCCCCCCCCCC>
                      The solver will continue with a reduced performance.

                      ------------------------------------------------------------------------------
2026-07-28 17:14:37   Units settings: 

                        Dimensions: mm
                        Frequency:  GHz
                        Time:       ns

                      ------------------------------------------------------------------------------
2026-07-28 17:14:37   Boundary conditions: 

                        YZsymmetry: none
                        XZsymmetry: none
                        XYsymmetry: none

                        Xmin: expanded open
                        Xmax: expanded open

                        Ymin: expanded open
                        Ymax: expanded open

                        Zmin: expanded open
                        Zmax: expanded open

                      ------------------------------------------------------------------------------
2026-07-28 17:14:37   Order settings: 

                        Solver order   : 2nd (constant)
                        Curved elements: up to order 3 (automatic)

                      ------------------------------------------------------------------------------
2026-07-28 17:14:37   *** Warning ***

2026-07-28 17:14:37   The mesh adaptation has been deactivated. It is strongly recommended to enable the mesh adaptation for the tetrahedral 
                      mesh unless the problem is very large.

                      ------------------------------------------------------------------------------
2026-07-28 17:14:37   An iterative solver will be used first.

                      ------------------------------------------------------------------------------
2026-07-28 17:14:37     Mesh time                :	15 s


                      ------------------------------------------------------------------------------
2026-07-28 17:14:37   
                      ================================================================================
                      Frequency Domain Solver calculation cycle started

                      ------------------------------------------------------------------------------
2026-07-28 17:14:37   Solver started at: 2026-07-28 17:14:37 +0800

                        Module:  Frequency Domain: S-Parameter (Win 64)
                        Version: 2024.5 Release from 2024-06-14 (change 1285309)

                      ------------------------------------------------------------------------------
2026-07-28 17:14:37     Calculation 1 (Frequency: 5 GHz)


                      ------------------------------------------------------------------------------
2026-07-28 17:14:37   *** Warning ***

2026-07-28 17:14:37   Some edges which are part of lossy conductor surfaces are the intersection of otherwise disjoint regions. These edges 
                      will be treated as infinitely thin PEC wires. Click here to show the positions.

                      ------------------------------------------------------------------------------
2026-07-28 17:14:40     Matrix setup time        :	0 s
                        Degrees of freedom       :	96124
                        Number of mesh cells     :	14277

                        Stimulation port         :	1
                        Accuracy                 :	9.16469e-05
                        Iterations               :	45
                        Solver time              :	1 s


                      ------------------------------------------------------------------------------
2026-07-28 17:14:41     Total time               :	3 s

                      ------------------------------------------------------------------------------
2026-07-28 17:14:41   

                      ------------------------------------------------------------------------------
2026-07-28 17:14:41     Calculation 2 (Frequency: 1 GHz)


                      ------------------------------------------------------------------------------
2026-07-28 17:14:43     Matrix setup time        :	0 s
                        Degrees of freedom       :	96124
                        Number of mesh cells     :	14277

                        Stimulation port         :	1
                        Accuracy                 :	9.41843e-05
                        Iterations               :	33
                        Solver time              :	1 s


                      ------------------------------------------------------------------------------
2026-07-28 17:14:43     Total time               :	1 s

                      ------------------------------------------------------------------------------
2026-07-28 17:14:43   

                      ------------------------------------------------------------------------------
2026-07-28 17:14:43     Calculation 3 (Frequency: 3 GHz)


                      ------------------------------------------------------------------------------
2026-07-28 17:14:45     Matrix setup time        :	0 s
                        Degrees of freedom       :	96124
                        Number of mesh cells     :	14277

                        Stimulation port         :	1
                        Accuracy                 :	8.72331e-05
                        Iterations               :	31
                        Solver time              :	1 s


                      ------------------------------------------------------------------------------
2026-07-28 17:14:45     Total time               :	1 s

                      ------------------------------------------------------------------------------
2026-07-28 17:14:45   

                      ------------------------------------------------------------------------------
2026-07-28 17:14:45     Calculation 4 (Frequency: 4 GHz)


                      ------------------------------------------------------------------------------
2026-07-28 17:14:46     Matrix setup time        :	0 s
                        Degrees of freedom       :	96124
                        Number of mesh cells     :	14277

                        Stimulation port         :	1
                        Accuracy                 :	9.36725e-05
                        Iterations               :	27
                        Solver time              :	0 s


                      ------------------------------------------------------------------------------
2026-07-28 17:14:47     Total time               :	1 s

                      ------------------------------------------------------------------------------
2026-07-28 17:14:47   

                      ------------------------------------------------------------------------------
2026-07-28 17:14:47     Calculation 5 (Frequency: 1.76 GHz)


                      ------------------------------------------------------------------------------
2026-07-28 17:14:49     Matrix setup time        :	0 s
                        Degrees of freedom       :	96124
                        Number of mesh cells     :	14277

                        Stimulation port         :	1
                        Accuracy                 :	6.60584e-05
                        Iterations               :	45
                        Solver time              :	1 s


                      ------------------------------------------------------------------------------
2026-07-28 17:14:49     Total time               :	2 s

                      ------------------------------------------------------------------------------
2026-07-28 17:14:49   

                      ------------------------------------------------------------------------------
2026-07-28 17:14:49     Calculation 6 (Frequency: 3.628 GHz)


                      ------------------------------------------------------------------------------
2026-07-28 17:14:51     Matrix setup time        :	0 s
                        Degrees of freedom       :	96124
                        Number of mesh cells     :	14277

                        Stimulation port         :	1
                        Accuracy                 :	8.9723e-05
                        Iterations               :	30
                        Solver time              :	1 s


                      ------------------------------------------------------------------------------
2026-07-28 17:14:51     Total time               :	1 s

                      ------------------------------------------------------------------------------
2026-07-28 17:14:51   

                      ------------------------------------------------------------------------------
2026-07-28 17:14:51     Calculation 7 (Frequency: 1.28 GHz)


                      ------------------------------------------------------------------------------
2026-07-28 17:14:53     Matrix setup time        :	0 s
                        Degrees of freedom       :	96124
                        Number of mesh cells     :	14277

                        Stimulation port         :	1
                        Accuracy                 :	9.77642e-05
                        Iterations               :	14
                        Solver time              :	0 s


                      ------------------------------------------------------------------------------
2026-07-28 17:14:53     Total time               :	1 s

                      ------------------------------------------------------------------------------
2026-07-28 17:14:53   

                      ------------------------------------------------------------------------------
2026-07-28 17:14:53     Calculation 8 (Frequency: 2.06 GHz)


                      ------------------------------------------------------------------------------
2026-07-28 17:14:55     Matrix setup time        :	0 s
                        Degrees of freedom       :	96124
                        Number of mesh cells     :	14277

                        Stimulation port         :	1
                        Accuracy                 :	3.08039e-05
                        Iterations               :	42
                        Solver time              :	1 s


                      ------------------------------------------------------------------------------
2026-07-28 17:14:55     Total time               :	1 s

                      ------------------------------------------------------------------------------
2026-07-28 17:14:55   

                      ------------------------------------------------------------------------------
2026-07-28 17:14:55     Calculation 9 (Frequency: 1.652 GHz)


                      ------------------------------------------------------------------------------
2026-07-28 17:14:56     Matrix setup time        :	0 s
                        Degrees of freedom       :	96124
                        Number of mesh cells     :	14277

                        Stimulation port         :	1
                        Accuracy                 :	7.91025e-05
                        Iterations               :	5
                        Solver time              :	0 s


                      ------------------------------------------------------------------------------
2026-07-28 17:14:56     Total time               :	0 s

                      ------------------------------------------------------------------------------
2026-07-28 17:14:56   

                      ------------------------------------------------------------------------------
2026-07-28 17:14:57     Calculation 10 (Frequency: 1.84 GHz)


                      ------------------------------------------------------------------------------
2026-07-28 17:14:57     Matrix setup time        :	0 s
                        Degrees of freedom       :	96124
                        Number of mesh cells     :	14277

                        Stimulation port         :	1
                        Accuracy                 :	7.37509e-05
                        Iterations               :	5
                        Solver time              :	0 s


                      ------------------------------------------------------------------------------
2026-07-28 17:14:58     Total time               :	0 s

                      ------------------------------------------------------------------------------
2026-07-28 17:14:58   

                      ------------------------------------------------------------------------------
2026-07-28 17:14:58     Calculation 11 (Frequency: 3.744 GHz)


                      ------------------------------------------------------------------------------
2026-07-28 17:14:59     Matrix setup time        :	0 s
                        Degrees of freedom       :	96124
                        Number of mesh cells     :	14277

                        Stimulation port         :	1
                        Accuracy                 :	6.6392e-05
                        Iterations               :	6
                        Solver time              :	0 s


                      ------------------------------------------------------------------------------
2026-07-28 17:14:59     Total time               :	0 s

                      ------------------------------------------------------------------------------
2026-07-28 17:14:59   

                      ------------------------------------------------------------------------------
2026-07-28 17:14:59     Calculation 12 (Frequency: 4.252 GHz)


                      ------------------------------------------------------------------------------
2026-07-28 17:15:00     Matrix setup time        :	0 s
                        Degrees of freedom       :	96124
                        Number of mesh cells     :	14277

                        Stimulation port         :	1
                        Accuracy                 :	8.6928e-05
                        Iterations               :	20
                        Solver time              :	0 s


                      ------------------------------------------------------------------------------
2026-07-28 17:15:01     Total time               :	1 s

                      ------------------------------------------------------------------------------
2026-07-28 17:15:01   

                      ------------------------------------------------------------------------------
2026-07-28 17:15:01     Calculation 13 (Frequency: 2.372 GHz)


                      ------------------------------------------------------------------------------
2026-07-28 17:15:03     Matrix setup time        :	0 s
                        Degrees of freedom       :	96124
                        Number of mesh cells     :	14277

                        Stimulation port         :	1
                        Accuracy                 :	6.11289e-05
                        Iterations               :	35
                        Solver time              :	1 s


                      ------------------------------------------------------------------------------
2026-07-28 17:15:03     Total time               :	1 s

                      ------------------------------------------------------------------------------
2026-07-28 17:15:03   

                      ------------------------------------------------------------------------------
2026-07-28 17:15:03     Calculation 14 (Frequency: 4.596 GHz)


                      ------------------------------------------------------------------------------
2026-07-28 17:15:05     Matrix setup time        :	0 s
                        Degrees of freedom       :	96124
                        Number of mesh cells     :	14277

                        Stimulation port         :	1
                        Accuracy                 :	6.89697e-05
                        Iterations               :	37
                        Solver time              :	1 s


                      ------------------------------------------------------------------------------
2026-07-28 17:15:05     Total time               :	1 s

                      ------------------------------------------------------------------------------
2026-07-28 17:15:05   

                      ------------------------------------------------------------------------------
2026-07-28 17:15:05     Calculation 15 (Frequency: 2.444 GHz)


                      ------------------------------------------------------------------------------
2026-07-28 17:15:06     Matrix setup time        :	0 s
                        Degrees of freedom       :	96124
                        Number of mesh cells     :	14277

                        Stimulation port         :	1
                        Accuracy                 :	7.72219e-05
                        Iterations               :	5
                        Solver time              :	0 s


                      ------------------------------------------------------------------------------
2026-07-28 17:15:07     Total time               :	0 s

                      ------------------------------------------------------------------------------
2026-07-28 17:15:07   

                      ------------------------------------------------------------------------------
2026-07-28 17:15:07   Finished the general purpose interpolative broadband frequency sweep:
                      All broadband sweep convergence criteria have been satisfied after
                      calculating 15 frequency samples:

                        Broadband sweep error threshold value :  0.01 (All S-Parameters) 
                        Number of error criterion checks      :  2 (All S-Parameters) 
                        Minimum number of samples             :  3
                        Number of data samples, linear        :  1001

                      ------------------------------------------------------------------------------
2026-07-28 17:15:07     Number of mesh cells     :	14277
                        Degrees of freedom       :	96124
                        Total Solver Time        :	43 s
                      ================================================================================



                      ------------------------------------------------------------------------------
2026-07-28 17:15:07     ----------------------------------------------------------------------------
                                            Peak memory used (kB)         Free physical memory (kB) 
                                                                          At begin     Minimum      
                        ----------------------------------------------------------------------------
                        Solver start        25520                         3290528      3289432      
                        Eq. system setup    271696                        3255604      3091448      
                        Eq. system solve    272656                        3190012      3034712      
                        Solver run total    272656                        3290532      3047320      

                        Computer name       LAPTOP-3AL186QN
                        ----------------------------------------------------------------------------


                      ------------------------------------------------------------------------------
2026-07-28 17:15:07   Running postprocessing.

                      ------------------------------------------------------------------------------
2026-07-28 17:15:09   Postprocessing finished.

                      ------------------------------------------------------------------------------
2026-07-28 17:15:09   Creating parametric 1D results for Run ID 62

                      ------------------------------------------------------------------------------
