Unknown:
C:\Users\LOQ\Documents\CST Files\2D SRR T patch - modified\Result\hardware_resources.sconf
C:\Users\LOQ\Documents\CST Files\2D SRR T patch - modified\Result\Model.log
C:\Users\LOQ\Documents\CST Files\2D SRR T patch - modified\Result\Model.sa
C:\Users\LOQ\Documents\CST Files\2D SRR T patch - modified\Result\Model.swp
C:\Users\LOQ\Documents\CST Files\2D SRR T patch - modified\Result\SolCoef(#0000)_1(1).scf
Mesh:
C:\Users\LOQ\Documents\CST Files\2D SRR T patch - modified\Result\3do.slim
C:\Users\LOQ\Documents\CST Files\2D SRR T patch - modified\Result\bad0.tet
C:\Users\LOQ\Documents\CST Files\2D SRR T patch - modified\Result\bad1.tet
C:\Users\LOQ\Documents\CST Files\2D SRR T patch - modified\Result\log.tet
C:\Users\LOQ\Documents\CST Files\2D SRR T patch - modified\Result\Mesh_Input.Entities2Mesh.tet
C:\Users\LOQ\Documents\CST Files\2D SRR T patch - modified\Result\Mesh_Input.Options.tet
C:\Users\LOQ\Documents\CST Files\2D SRR T patch - modified\Result\Mesh_Input.QuasiModel.tet
C:\Users\LOQ\Documents\CST Files\2D SRR T patch - modified\Result\Mesh_Output.QuasiModel.tet
C:\Users\LOQ\Documents\CST Files\2D SRR T patch - modified\Result\Mesh_Output.U2F.tet
C:\Users\LOQ\Documents\CST Files\2D SRR T patch - modified\Result\mir.tet
C:\Users\LOQ\Documents\CST Files\2D SRR T patch - modified\Result\moegeom.tet
C:\Users\LOQ\Documents\CST Files\2D SRR T patch - modified\Result\topot.tet
Port:
C:\Users\LOQ\Documents\CST Files\2D SRR T patch - modified\Result\Model.pmi
