2026-07-20 19:58:34   Please prefer discrete face ports over discrete edge ports. The Frequency
                      Domain solver may benefit from face ports in terms of accuracy and run time.
                      For convenience, a conversion macro exists in "Macros->Construct->Discrete
                      Ports".

                      ------------------------------------------------------------------------------
2026-07-20 19:58:46   *** Warning ***

                      This software is licensed for non-commercial use only.

                      ------------------------------------------------------------------------------
2026-07-20 19:58:46   *** Warning ***

2026-07-20 19:58:46   `tbbmalloc_proxy` cannot replace memory allocation routines (status:-1):
                      Success: free (ucrtbase.dll), byte pattern: <C7442410000000008B4424>
                      Fail: _msize (ucrtbase.dll), byte pattern: <E9ABFFFFFFCCCCCCCCCCCC>
                      The solver will continue with a reduced performance.

                      ------------------------------------------------------------------------------
2026-07-20 19:58:46   Units settings: 

                        Dimensions: mm
                        Frequency:  GHz
                        Time:       ns

                      ------------------------------------------------------------------------------
2026-07-20 19:58:46   Boundary conditions: 

                        YZsymmetry: none
                        XZsymmetry: none
                        XYsymmetry: none

                        Xmin: expanded open
                        Xmax: expanded open

                        Ymin: expanded open
                        Ymax: expanded open

                        Zmin: expanded open
                        Zmax: expanded open

                      ------------------------------------------------------------------------------
2026-07-20 19:58:46   Order settings: 

                        Solver order   : 2nd (constant)
                        Curved elements: up to order 3 (automatic)

                      ------------------------------------------------------------------------------
2026-07-20 19:58:46   *** Warning ***

2026-07-20 19:58:46   The mesh adaptation has been deactivated. It is strongly recommended to enable the mesh adaptation for the tetrahedral 
                      mesh unless the problem is very large.

                      ------------------------------------------------------------------------------
2026-07-20 19:58:46   An iterative solver will be used first.

                      ------------------------------------------------------------------------------
2026-07-20 19:58:46     Mesh time                :	11 s


                      ------------------------------------------------------------------------------
2026-07-20 19:58:46   
                      ================================================================================
                      Frequency Domain Solver calculation cycle started

                      ------------------------------------------------------------------------------
2026-07-20 19:58:46   Solver started at: 2026-07-20 19:58:46 +0800

                        Module:  Frequency Domain: S-Parameter (Win 64)
                        Version: 2024.5 Release from 2024-06-14 (change 1285309)

                      ------------------------------------------------------------------------------
2026-07-20 19:58:46     Calculation 1 (Frequency: 5 GHz)


                      ------------------------------------------------------------------------------
2026-07-20 19:58:46   *** Warning ***

2026-07-20 19:58:46   Some edges which are part of lossy conductor surfaces are the intersection of otherwise disjoint regions. These edges 
                      will be treated as infinitely thin PEC wires. Click here to show the positions.

                      ------------------------------------------------------------------------------
2026-07-20 19:58:48     Matrix setup time        :	0 s
                        Degrees of freedom       :	137558
                        Number of mesh cells     :	20515

                        Stimulation port         :	1
                        Accuracy                 :	9.49021e-05
                        Iterations               :	32
                        Solver time              :	1 s


                      ------------------------------------------------------------------------------
2026-07-20 19:58:49     Total time               :	2 s

                      ------------------------------------------------------------------------------
2026-07-20 19:58:49   

                      ------------------------------------------------------------------------------
2026-07-20 19:58:49     Calculation 2 (Frequency: 1 GHz)


                      ------------------------------------------------------------------------------
2026-07-20 19:58:50     Matrix setup time        :	0 s
                        Degrees of freedom       :	137558
                        Number of mesh cells     :	20515

                        Stimulation port         :	1
                        Accuracy                 :	9.09586e-05
                        Iterations               :	24
                        Solver time              :	0 s


                      ------------------------------------------------------------------------------
2026-07-20 19:58:50     Total time               :	1 s

                      ------------------------------------------------------------------------------
2026-07-20 19:58:50   

                      ------------------------------------------------------------------------------
2026-07-20 19:58:50     Calculation 3 (Frequency: 3 GHz)


                      ------------------------------------------------------------------------------
2026-07-20 19:58:52     Matrix setup time        :	0 s
                        Degrees of freedom       :	137558
                        Number of mesh cells     :	20515

                        Stimulation port         :	1
                        Accuracy                 :	7.26672e-05
                        Iterations               :	28
                        Solver time              :	0 s


                      ------------------------------------------------------------------------------
2026-07-20 19:58:52     Total time               :	1 s

                      ------------------------------------------------------------------------------
2026-07-20 19:58:52   

                      ------------------------------------------------------------------------------
2026-07-20 19:58:52     Calculation 4 (Frequency: 4 GHz)


                      ------------------------------------------------------------------------------
2026-07-20 19:58:53     Matrix setup time        :	0 s
                        Degrees of freedom       :	137558
                        Number of mesh cells     :	20515

                        Stimulation port         :	1
                        Accuracy                 :	6.66751e-05
                        Iterations               :	27
                        Solver time              :	0 s


                      ------------------------------------------------------------------------------
2026-07-20 19:58:54     Total time               :	1 s

                      ------------------------------------------------------------------------------
2026-07-20 19:58:54   

                      ------------------------------------------------------------------------------
2026-07-20 19:58:54     Calculation 5 (Frequency: 2.512 GHz)


                      ------------------------------------------------------------------------------
2026-07-20 19:58:55     Matrix setup time        :	0 s
                        Degrees of freedom       :	137558
                        Number of mesh cells     :	20515

                        Stimulation port         :	1
                        Accuracy                 :	8.95715e-05
                        Iterations               :	23
                        Solver time              :	0 s


                      ------------------------------------------------------------------------------
2026-07-20 19:58:55     Total time               :	1 s

                      ------------------------------------------------------------------------------
2026-07-20 19:58:55   

                      ------------------------------------------------------------------------------
2026-07-20 19:58:55     Calculation 6 (Frequency: 3.32 GHz)


                      ------------------------------------------------------------------------------
2026-07-20 19:58:56     Matrix setup time        :	0 s
                        Degrees of freedom       :	137558
                        Number of mesh cells     :	20515

                        Stimulation port         :	1
                        Accuracy                 :	8.33752e-05
                        Iterations               :	20
                        Solver time              :	0 s


                      ------------------------------------------------------------------------------
2026-07-20 19:58:56     Total time               :	1 s

                      ------------------------------------------------------------------------------
2026-07-20 19:58:56   

                      ------------------------------------------------------------------------------
2026-07-20 19:58:57     Calculation 7 (Frequency: 1.772 GHz)


                      ------------------------------------------------------------------------------
2026-07-20 19:58:58     Matrix setup time        :	0 s
                        Degrees of freedom       :	137558
                        Number of mesh cells     :	20515

                        Stimulation port         :	1
                        Accuracy                 :	9.50718e-05
                        Iterations               :	20
                        Solver time              :	0 s


                      ------------------------------------------------------------------------------
2026-07-20 19:58:58     Total time               :	1 s

                      ------------------------------------------------------------------------------
2026-07-20 19:58:58   

                      ------------------------------------------------------------------------------
2026-07-20 19:58:58     Calculation 8 (Frequency: 2.676 GHz)


                      ------------------------------------------------------------------------------
2026-07-20 19:58:59     Matrix setup time        :	0 s
                        Degrees of freedom       :	137558
                        Number of mesh cells     :	20515

                        Stimulation port         :	1
                        Accuracy                 :	9.26336e-05
                        Iterations               :	10
                        Solver time              :	0 s


                      ------------------------------------------------------------------------------
2026-07-20 19:58:59     Total time               :	0 s

                      ------------------------------------------------------------------------------
2026-07-20 19:58:59   

                      ------------------------------------------------------------------------------
2026-07-20 19:58:59     Calculation 9 (Frequency: 2.136 GHz)


                      ------------------------------------------------------------------------------
2026-07-20 19:59:00     Matrix setup time        :	0 s
                        Degrees of freedom       :	137558
                        Number of mesh cells     :	20515

                        Stimulation port         :	1
                        Accuracy                 :	8.24489e-05
                        Iterations               :	13
                        Solver time              :	0 s


                      ------------------------------------------------------------------------------
2026-07-20 19:59:00     Total time               :	0 s

                      ------------------------------------------------------------------------------
2026-07-20 19:59:00   

                      ------------------------------------------------------------------------------
2026-07-20 19:59:00     Calculation 10 (Frequency: 2.912 GHz)


                      ------------------------------------------------------------------------------
2026-07-20 19:59:01     Matrix setup time        :	0 s
                        Degrees of freedom       :	137558
                        Number of mesh cells     :	20515

                        Stimulation port         :	1
                        Accuracy                 :	6.16283e-05
                        Iterations               :	10
                        Solver time              :	0 s


                      ------------------------------------------------------------------------------
2026-07-20 19:59:01     Total time               :	0 s

                      ------------------------------------------------------------------------------
2026-07-20 19:59:01   

                      ------------------------------------------------------------------------------
2026-07-20 19:59:01     Calculation 11 (Frequency: 4.604 GHz)


                      ------------------------------------------------------------------------------
2026-07-20 19:59:03     Matrix setup time        :	0 s
                        Degrees of freedom       :	137558
                        Number of mesh cells     :	20515

                        Stimulation port         :	1
                        Accuracy                 :	9.18965e-05
                        Iterations               :	24
                        Solver time              :	0 s


                      ------------------------------------------------------------------------------
2026-07-20 19:59:03     Total time               :	1 s

                      ------------------------------------------------------------------------------
2026-07-20 19:59:03   

                      ------------------------------------------------------------------------------
2026-07-20 19:59:03     Calculation 12 (Frequency: 1.404 GHz)


                      ------------------------------------------------------------------------------
2026-07-20 19:59:04     Matrix setup time        :	0 s
                        Degrees of freedom       :	137558
                        Number of mesh cells     :	20515

                        Stimulation port         :	1
                        Accuracy                 :	7.42816e-05
                        Iterations               :	20
                        Solver time              :	0 s


                      ------------------------------------------------------------------------------
2026-07-20 19:59:05     Total time               :	1 s

                      ------------------------------------------------------------------------------
2026-07-20 19:59:05   

                      ------------------------------------------------------------------------------
2026-07-20 19:59:05     Calculation 13 (Frequency: 4.916 GHz)


                      ------------------------------------------------------------------------------
2026-07-20 19:59:06     Matrix setup time        :	0 s
                        Degrees of freedom       :	137558
                        Number of mesh cells     :	20515

                        Stimulation port         :	1
                        Accuracy                 :	6.87833e-05
                        Iterations               :	22
                        Solver time              :	0 s


                      ------------------------------------------------------------------------------
2026-07-20 19:59:06     Total time               :	1 s

                      ------------------------------------------------------------------------------
2026-07-20 19:59:06   

                      ------------------------------------------------------------------------------
2026-07-20 19:59:06     Calculation 14 (Frequency: 1.576 GHz)


                      ------------------------------------------------------------------------------
2026-07-20 19:59:07     Matrix setup time        :	0 s
                        Degrees of freedom       :	137558
                        Number of mesh cells     :	20515

                        Stimulation port         :	1
                        Accuracy                 :	9.93442e-05
                        Iterations               :	11
                        Solver time              :	0 s


                      ------------------------------------------------------------------------------
2026-07-20 19:59:07     Total time               :	1 s

                      ------------------------------------------------------------------------------
2026-07-20 19:59:07   

                      ------------------------------------------------------------------------------
2026-07-20 19:59:08     Calculation 15 (Frequency: 1.196 GHz)


                      ------------------------------------------------------------------------------
2026-07-20 19:59:08     Matrix setup time        :	0 s
                        Degrees of freedom       :	137558
                        Number of mesh cells     :	20515

                        Stimulation port         :	1
                        Accuracy                 :	5.23928e-05
                        Iterations               :	5
                        Solver time              :	0 s


                      ------------------------------------------------------------------------------
2026-07-20 19:59:09     Total time               :	0 s

                      ------------------------------------------------------------------------------
2026-07-20 19:59:09   

                      ------------------------------------------------------------------------------
2026-07-20 19:59:09     Calculation 16 (Frequency: 1.532 GHz)


                      ------------------------------------------------------------------------------
2026-07-20 19:59:09     Matrix setup time        :	0 s
                        Degrees of freedom       :	137558
                        Number of mesh cells     :	20515

                        Stimulation port         :	1
                        Accuracy                 :	8.33954e-05
                        Iterations               :	5
                        Solver time              :	0 s


                      ------------------------------------------------------------------------------
2026-07-20 19:59:10     Total time               :	0 s

                      ------------------------------------------------------------------------------
2026-07-20 19:59:10   

                      ------------------------------------------------------------------------------
2026-07-20 19:59:10   Finished the general purpose interpolative broadband frequency sweep:
                      All broadband sweep convergence criteria have been satisfied after
                      calculating 16 frequency samples:

                        Broadband sweep error threshold value :  0.01 (All S-Parameters) 
                        Number of error criterion checks      :  2 (All S-Parameters) 
                        Minimum number of samples             :  3
                        Number of data samples, linear        :  1001

                      ------------------------------------------------------------------------------
2026-07-20 19:59:10     Number of mesh cells     :	20515
                        Degrees of freedom       :	137558
                        Total Solver Time        :	33 s
                      ================================================================================



                      ------------------------------------------------------------------------------
2026-07-20 19:59:10     ----------------------------------------------------------------------------
                                            Peak memory used (kB)         Free physical memory (kB) 
                                                                          At begin     Minimum      
                        ----------------------------------------------------------------------------
                        Solver start        25692                         2473336      2472636      
                        Eq. system setup    367744                        2438836      2250604      
                        Eq. system solve    367744                        2352464      2144492      
                        Solver run total    367744                        2473340      2170740      

                        Computer name       LAPTOP-3AL186QN
                        ----------------------------------------------------------------------------


                      ------------------------------------------------------------------------------
2026-07-20 19:59:10   Running postprocessing.

                      ------------------------------------------------------------------------------
2026-07-20 19:59:11   Postprocessing finished.

                      ------------------------------------------------------------------------------
2026-07-20 19:59:11   Creating parametric 1D results for Run ID 21

                      ------------------------------------------------------------------------------
