Unknown:
C:\Users\LOQ\Documents\CST Files\2D CSRR PDMS\Result\hardware_resources.sconf
C:\Users\LOQ\Documents\CST Files\2D CSRR PDMS\Result\Model.log
C:\Users\LOQ\Documents\CST Files\2D CSRR PDMS\Result\Model.sa
C:\Users\LOQ\Documents\CST Files\2D CSRR PDMS\Result\Model.swp
C:\Users\LOQ\Documents\CST Files\2D CSRR PDMS\Result\SolCoef(#0000)_1(1).scf
C:\Users\LOQ\Documents\CST Files\2D CSRR PDMS\Result\SolCoef(#0000)_2(1).scf
C:\Users\LOQ\Documents\CST Files\2D CSRR PDMS\Result\SolCoef(#0001)_1(1).scf
C:\Users\LOQ\Documents\CST Files\2D CSRR PDMS\Result\SolCoef(#0001)_2(1).scf
C:\Users\LOQ\Documents\CST Files\2D CSRR PDMS\Result\SolCoef(#0002)_1(1).scf
C:\Users\LOQ\Documents\CST Files\2D CSRR PDMS\Result\SolCoef(#0002)_2(1).scf
C:\Users\LOQ\Documents\CST Files\2D CSRR PDMS\Result\SolCoef(#0003)_1(1).scf
C:\Users\LOQ\Documents\CST Files\2D CSRR PDMS\Result\SolCoef(#0003)_2(1).scf
Mesh:
C:\Users\LOQ\Documents\CST Files\2D CSRR PDMS\Result\3do.slim
C:\Users\LOQ\Documents\CST Files\2D CSRR PDMS\Result\bad0.tet
C:\Users\LOQ\Documents\CST Files\2D CSRR PDMS\Result\log.tet
C:\Users\LOQ\Documents\CST Files\2D CSRR PDMS\Result\Mesh_Input.Entities2Mesh.tet
C:\Users\LOQ\Documents\CST Files\2D CSRR PDMS\Result\Mesh_Input.Options.tet
C:\Users\LOQ\Documents\CST Files\2D CSRR PDMS\Result\Mesh_Input.QuasiModel.tet
C:\Users\LOQ\Documents\CST Files\2D CSRR PDMS\Result\Mesh_Output.QuasiModel.tet
C:\Users\LOQ\Documents\CST Files\2D CSRR PDMS\Result\Mesh_Output.U2F.tet
C:\Users\LOQ\Documents\CST Files\2D CSRR PDMS\Result\mir.tet
C:\Users\LOQ\Documents\CST Files\2D CSRR PDMS\Result\moegeom.tet
C:\Users\LOQ\Documents\CST Files\2D CSRR PDMS\Result\refinementparents.tet
C:\Users\LOQ\Documents\CST Files\2D CSRR PDMS\Result\reftags.tet
C:\Users\LOQ\Documents\CST Files\2D CSRR PDMS\Result\tetquality.tet
C:\Users\LOQ\Documents\CST Files\2D CSRR PDMS\Result\topot.tet
Port:
C:\Users\LOQ\Documents\CST Files\2D CSRR PDMS\Result\Model.pmi
